<?xml version="1.0"?>
<link_info>
   <banner>TMS320C6x Linker PC v7.4.4</banner>
   <copyright>Copyright (c) 1996-2013 Texas Instruments Incorporated</copyright>
   <link_time>0x625a859d</link_time>
   <output_file>clock.out</output_file>
   <entry_point>
      <name>_c_int00</name>
      <address>0xa00</address>
   </entry_point>
   <input_file_list>
      <input_file id="fl-2">
         <path>.\</path>
         <kind>object</kind>
         <file>dec6713.obj</file>
         <name>dec6713.obj</name>
      </input_file>
      <input_file id="fl-7c">
         <path>C:\MyProgram\tools\CCS5\ccsv5\tools\compiler\c6000_7.4.4\lib\</path>
         <kind>archive</kind>
         <file>rts6700.lib</file>
         <name>boot.obj</name>
      </input_file>
      <input_file id="fl-7d">
         <path>C:\MyProgram\tools\CCS5\ccsv5\tools\compiler\c6000_7.4.4\lib\</path>
         <kind>archive</kind>
         <file>rts6700.lib</file>
         <name>exit.obj</name>
      </input_file>
      <input_file id="fl-7e">
         <path>C:\MyProgram\tools\CCS5\ccsv5\tools\compiler\c6000_7.4.4\lib\</path>
         <kind>archive</kind>
         <file>rts6700.lib</file>
         <name>args_main.obj</name>
      </input_file>
      <input_file id="fl-7f">
         <path>C:\MyProgram\tools\CCS5\ccsv5\tools\compiler\c6000_7.4.4\lib\</path>
         <kind>archive</kind>
         <file>rts6700.lib</file>
         <name>autoinit.obj</name>
      </input_file>
      <input_file id="fl-80">
         <path>C:\MyProgram\tools\CCS5\ccsv5\tools\compiler\c6000_7.4.4\lib\</path>
         <kind>archive</kind>
         <file>rts6700.lib</file>
         <name>cpp_init.obj</name>
      </input_file>
      <input_file id="fl-81">
         <path>C:\MyProgram\tools\CCS5\ccsv5\tools\compiler\c6000_7.4.4\lib\</path>
         <kind>archive</kind>
         <file>rts6700.lib</file>
         <name>cpy_tbl.obj</name>
      </input_file>
      <input_file id="fl-82">
         <path>C:\MyProgram\tools\CCS5\ccsv5\tools\compiler\c6000_7.4.4\lib\</path>
         <kind>archive</kind>
         <file>rts6700.lib</file>
         <name>memcpy62.obj</name>
      </input_file>
   </input_file_list>
   <object_component_list>
      <object_component id="oc-25">
         <name>.text</name>
         <load_address>0x20</load_address>
         <run_address>0x20</run_address>
         <size>0x480</size>
         <input_file_ref idref="fl-2"/>
      </object_component>
      <object_component id="oc-23">
         <name>.text:_memcpy</name>
         <load_address>0x4a0</load_address>
         <run_address>0x4a0</run_address>
         <size>0x240</size>
         <input_file_ref idref="fl-82"/>
      </object_component>
      <object_component id="oc-1f">
         <name>.text:__auto_init</name>
         <load_address>0x6e0</load_address>
         <run_address>0x6e0</run_address>
         <size>0x100</size>
         <input_file_ref idref="fl-7f"/>
      </object_component>
      <object_component id="oc-21">
         <name>.text:_exit</name>
         <load_address>0x7e0</load_address>
         <run_address>0x7e0</run_address>
         <size>0xe0</size>
         <input_file_ref idref="fl-7d"/>
      </object_component>
      <object_component id="oc-22">
         <name>.text:_copy_in</name>
         <load_address>0x8c0</load_address>
         <run_address>0x8c0</run_address>
         <size>0xc0</size>
         <input_file_ref idref="fl-81"/>
      </object_component>
      <object_component id="oc-24">
         <name>.text:___TI_cpp_init</name>
         <load_address>0x980</load_address>
         <run_address>0x980</run_address>
         <size>0x80</size>
         <input_file_ref idref="fl-80"/>
      </object_component>
      <object_component id="oc-2">
         <name>.text:_c_int00</name>
         <load_address>0xa00</load_address>
         <run_address>0xa00</run_address>
         <size>0x80</size>
         <input_file_ref idref="fl-7c"/>
      </object_component>
      <object_component id="oc-20">
         <name>.text:__args_main</name>
         <load_address>0xa80</load_address>
         <run_address>0xa80</run_address>
         <size>0x40</size>
         <input_file_ref idref="fl-7e"/>
      </object_component>
      <object_component id="oc-26">
         <name>.text:_abort</name>
         <load_address>0xac0</load_address>
         <run_address>0xac0</run_address>
         <size>0x20</size>
         <input_file_ref idref="fl-7d"/>
      </object_component>
      <object_component id="oc-c">
         <name>.cinit</name>
         <load_address>0x12e0</load_address>
         <run_address>0x12e0</run_address>
         <size>0x2c</size>
         <input_file_ref idref="fl-7d"/>
      </object_component>
      <object_component id="oc-8">
         <name>.stack</name>
         <uninitialized>true</uninitialized>
         <run_address>0xae0</run_address>
         <size>0x8</size>
         <input_file_ref idref="fl-7c"/>
      </object_component>
      <object_component id="oc-4a">
         <name>.stack</name>
         <uninitialized>true</uninitialized>
         <run_address>0xae0</run_address>
         <size>0x0</size>
      </object_component>
      <object_component id="oc-d">
         <name>.far</name>
         <uninitialized>true</uninitialized>
         <run_address>0x8</run_address>
         <size>0xc</size>
         <input_file_ref idref="fl-7d"/>
      </object_component>
      <object_component id="oc-3">
         <name>.debug_info</name>
         <load_address>0x0</load_address>
         <run_address>0x0</run_address>
         <size>0x90a</size>
         <input_file_ref idref="fl-2"/>
      </object_component>
      <object_component id="oc-7">
         <name>.debug_info</name>
         <load_address>0x90a</load_address>
         <run_address>0x90a</run_address>
         <size>0x70a</size>
         <input_file_ref idref="fl-7c"/>
      </object_component>
      <object_component id="oc-b">
         <name>.debug_info</name>
         <load_address>0x1014</load_address>
         <run_address>0x1014</run_address>
         <size>0x7fb</size>
         <input_file_ref idref="fl-7d"/>
      </object_component>
      <object_component id="oc-10">
         <name>.debug_info</name>
         <load_address>0x180f</load_address>
         <run_address>0x180f</run_address>
         <size>0x6e0</size>
         <input_file_ref idref="fl-7e"/>
      </object_component>
      <object_component id="oc-13">
         <name>.debug_info</name>
         <load_address>0x1eef</load_address>
         <run_address>0x1eef</run_address>
         <size>0x86d</size>
         <input_file_ref idref="fl-7f"/>
      </object_component>
      <object_component id="oc-16">
         <name>.debug_info</name>
         <load_address>0x275c</load_address>
         <run_address>0x275c</run_address>
         <size>0x6e5</size>
         <input_file_ref idref="fl-80"/>
      </object_component>
      <object_component id="oc-19">
         <name>.debug_info</name>
         <load_address>0x2e41</load_address>
         <run_address>0x2e41</run_address>
         <size>0x7db</size>
         <input_file_ref idref="fl-81"/>
      </object_component>
      <object_component id="oc-1c">
         <name>.debug_info</name>
         <load_address>0x361c</load_address>
         <run_address>0x361c</run_address>
         <size>0x78b</size>
         <input_file_ref idref="fl-82"/>
      </object_component>
      <object_component id="oc-4e">
         <name>.debug_info</name>
         <load_address>0x3da7</load_address>
         <run_address>0x3da7</run_address>
         <size>0x6d</size>
      </object_component>
      <object_component id="oc-4">
         <name>.debug_frame</name>
         <load_address>0x0</load_address>
         <run_address>0x0</run_address>
         <size>0x293</size>
         <input_file_ref idref="fl-2"/>
      </object_component>
      <object_component id="oc-5">
         <name>.debug_line</name>
         <load_address>0x0</load_address>
         <run_address>0x0</run_address>
         <size>0x9e</size>
         <input_file_ref idref="fl-2"/>
      </object_component>
      <object_component id="oc-9">
         <name>.debug_line</name>
         <load_address>0x9e</load_address>
         <run_address>0x9e</run_address>
         <size>0x3d</size>
         <input_file_ref idref="fl-7c"/>
      </object_component>
      <object_component id="oc-e">
         <name>.debug_line</name>
         <load_address>0xdb</load_address>
         <run_address>0xdb</run_address>
         <size>0x4f</size>
         <input_file_ref idref="fl-7d"/>
      </object_component>
      <object_component id="oc-11">
         <name>.debug_line</name>
         <load_address>0x12a</load_address>
         <run_address>0x12a</run_address>
         <size>0x41</size>
         <input_file_ref idref="fl-7e"/>
      </object_component>
      <object_component id="oc-14">
         <name>.debug_line</name>
         <load_address>0x16b</load_address>
         <run_address>0x16b</run_address>
         <size>0x47</size>
         <input_file_ref idref="fl-7f"/>
      </object_component>
      <object_component id="oc-17">
         <name>.debug_line</name>
         <load_address>0x1b2</load_address>
         <run_address>0x1b2</run_address>
         <size>0x45</size>
         <input_file_ref idref="fl-80"/>
      </object_component>
      <object_component id="oc-1a">
         <name>.debug_line</name>
         <load_address>0x1f7</load_address>
         <run_address>0x1f7</run_address>
         <size>0x44</size>
         <input_file_ref idref="fl-81"/>
      </object_component>
      <object_component id="oc-1d">
         <name>.debug_line</name>
         <load_address>0x23b</load_address>
         <run_address>0x23b</run_address>
         <size>0x4e</size>
         <input_file_ref idref="fl-82"/>
      </object_component>
      <object_component id="oc-6">
         <name>.debug_abbrev</name>
         <load_address>0x0</load_address>
         <run_address>0x0</run_address>
         <size>0x10b</size>
         <input_file_ref idref="fl-2"/>
      </object_component>
      <object_component id="oc-a">
         <name>.debug_abbrev</name>
         <load_address>0x10b</load_address>
         <run_address>0x10b</run_address>
         <size>0xfe</size>
         <input_file_ref idref="fl-7c"/>
      </object_component>
      <object_component id="oc-f">
         <name>.debug_abbrev</name>
         <load_address>0x209</load_address>
         <run_address>0x209</run_address>
         <size>0x119</size>
         <input_file_ref idref="fl-7d"/>
      </object_component>
      <object_component id="oc-12">
         <name>.debug_abbrev</name>
         <load_address>0x322</load_address>
         <run_address>0x322</run_address>
         <size>0xe1</size>
         <input_file_ref idref="fl-7e"/>
      </object_component>
      <object_component id="oc-15">
         <name>.debug_abbrev</name>
         <load_address>0x403</load_address>
         <run_address>0x403</run_address>
         <size>0x13f</size>
         <input_file_ref idref="fl-7f"/>
      </object_component>
      <object_component id="oc-18">
         <name>.debug_abbrev</name>
         <load_address>0x542</load_address>
         <run_address>0x542</run_address>
         <size>0xdd</size>
         <input_file_ref idref="fl-80"/>
      </object_component>
      <object_component id="oc-1b">
         <name>.debug_abbrev</name>
         <load_address>0x61f</load_address>
         <run_address>0x61f</run_address>
         <size>0x10c</size>
         <input_file_ref idref="fl-81"/>
      </object_component>
      <object_component id="oc-1e">
         <name>.debug_abbrev</name>
         <load_address>0x72b</load_address>
         <run_address>0x72b</run_address>
         <size>0xd5</size>
         <input_file_ref idref="fl-82"/>
      </object_component>
      <object_component id="oc-4f">
         <name>.debug_abbrev</name>
         <load_address>0x800</load_address>
         <run_address>0x800</run_address>
         <size>0xd</size>
      </object_component>
   </object_component_list>
   <logical_group_list>
      <logical_group id="lg-27">
         <name>.text</name>
         <load_address>0x20</load_address>
         <run_address>0x20</run_address>
         <size>0xac0</size>
         <contents>
            <object_component_ref idref="oc-25"/>
            <object_component_ref idref="oc-23"/>
            <object_component_ref idref="oc-1f"/>
            <object_component_ref idref="oc-21"/>
            <object_component_ref idref="oc-22"/>
            <object_component_ref idref="oc-24"/>
            <object_component_ref idref="oc-2"/>
            <object_component_ref idref="oc-20"/>
            <object_component_ref idref="oc-26"/>
         </contents>
      </logical_group>
      <logical_group id="lg-28">
         <name>.const</name>
         <run_address>0x0</run_address>
         <size>0x0</size>
         <contents>
         </contents>
      </logical_group>
      <logical_group id="lg-29">
         <name>.data</name>
         <run_address>0x8</run_address>
         <size>0x0</size>
         <contents>
         </contents>
      </logical_group>
      <logical_group id="lg-2a">
         <name>.bss</name>
         <run_address>0x8</run_address>
         <size>0x0</size>
         <contents>
         </contents>
      </logical_group>
      <logical_group id="lg-2b">
         <name>.cinit</name>
         <load_address>0x12e0</load_address>
         <run_address>0x12e0</run_address>
         <size>0x34</size>
         <contents>
            <object_component_ref idref="oc-c"/>
         </contents>
      </logical_group>
      <logical_group id="lg-2c">
         <name>.pinit</name>
         <run_address>0x0</run_address>
         <size>0x0</size>
         <contents>
         </contents>
      </logical_group>
      <logical_group id="lg-2d">
         <name>.stack</name>
         <run_address>0xae0</run_address>
         <size>0x800</size>
         <contents>
            <object_component_ref idref="oc-8"/>
            <object_component_ref idref="oc-4a"/>
         </contents>
      </logical_group>
      <logical_group id="lg-2e">
         <name>.sysmem</name>
         <run_address>0x0</run_address>
         <size>0x0</size>
         <contents>
         </contents>
      </logical_group>
      <logical_group id="lg-2f">
         <name>.far</name>
         <run_address>0x8</run_address>
         <size>0xc</size>
         <contents>
            <object_component_ref idref="oc-d"/>
         </contents>
      </logical_group>
      <logical_group id="lg-30">
         <name>.switch</name>
         <run_address>0x0</run_address>
         <size>0x0</size>
         <contents>
         </contents>
      </logical_group>
      <logical_group id="lg-31">
         <name>.cio</name>
         <run_address>0x0</run_address>
         <size>0x0</size>
         <contents>
         </contents>
      </logical_group>
      <logical_group id="lg-32">
         <name>.ppinfo</name>
         <run_address>0x0</run_address>
         <size>0x0</size>
         <contents>
         </contents>
      </logical_group>
      <logical_group id="lg-33">
         <name>.ppdata</name>
         <run_address>0x0</run_address>
         <size>0x0</size>
         <contents>
         </contents>
      </logical_group>
      <logical_group id="lg-41">
         <name>.debug_info</name>
         <load_address>0x0</load_address>
         <run_address>0x0</run_address>
         <size>0x3e14</size>
         <contents>
            <object_component_ref idref="oc-3"/>
            <object_component_ref idref="oc-7"/>
            <object_component_ref idref="oc-b"/>
            <object_component_ref idref="oc-10"/>
            <object_component_ref idref="oc-13"/>
            <object_component_ref idref="oc-16"/>
            <object_component_ref idref="oc-19"/>
            <object_component_ref idref="oc-1c"/>
            <object_component_ref idref="oc-4e"/>
         </contents>
      </logical_group>
      <logical_group id="lg-43">
         <name>.debug_frame</name>
         <load_address>0x0</load_address>
         <run_address>0x0</run_address>
         <size>0x293</size>
         <contents>
            <object_component_ref idref="oc-4"/>
         </contents>
      </logical_group>
      <logical_group id="lg-45">
         <name>.debug_line</name>
         <load_address>0x0</load_address>
         <run_address>0x0</run_address>
         <size>0x289</size>
         <contents>
            <object_component_ref idref="oc-5"/>
            <object_component_ref idref="oc-9"/>
            <object_component_ref idref="oc-e"/>
            <object_component_ref idref="oc-11"/>
            <object_component_ref idref="oc-14"/>
            <object_component_ref idref="oc-17"/>
            <object_component_ref idref="oc-1a"/>
            <object_component_ref idref="oc-1d"/>
         </contents>
      </logical_group>
      <logical_group id="lg-47">
         <name>.debug_abbrev</name>
         <load_address>0x0</load_address>
         <run_address>0x0</run_address>
         <size>0x80d</size>
         <contents>
            <object_component_ref idref="oc-6"/>
            <object_component_ref idref="oc-a"/>
            <object_component_ref idref="oc-f"/>
            <object_component_ref idref="oc-12"/>
            <object_component_ref idref="oc-15"/>
            <object_component_ref idref="oc-18"/>
            <object_component_ref idref="oc-1b"/>
            <object_component_ref idref="oc-1e"/>
            <object_component_ref idref="oc-4f"/>
         </contents>
      </logical_group>
   </logical_group_list>
   <placement_map>
      <memory_area>
         <name>RAM</name>
         <page_id>0x0</page_id>
         <origin>0x1</origin>
         <length>0xfffffffe</length>
         <used_space>0x1300</used_space>
         <unused_space>0xffffecfe</unused_space>
         <attributes>RWIX</attributes>
         <usage_details>
            <available_space>
               <start_address>0x1</start_address>
               <size>0x7</size>
            </available_space>
            <allocated_space>
               <start_address>0x8</start_address>
               <size>0x0</size>
               <logical_group_ref idref="lg-2a"/>
            </allocated_space>
            <allocated_space>
               <start_address>0x8</start_address>
               <size>0x0</size>
               <logical_group_ref idref="lg-29"/>
            </allocated_space>
            <allocated_space>
               <start_address>0x8</start_address>
               <size>0xc</size>
               <logical_group_ref idref="lg-2f"/>
            </allocated_space>
            <available_space>
               <start_address>0x14</start_address>
               <size>0xc</size>
            </available_space>
            <allocated_space>
               <start_address>0x20</start_address>
               <size>0xac0</size>
               <logical_group_ref idref="lg-27"/>
            </allocated_space>
            <allocated_space>
               <start_address>0xae0</start_address>
               <size>0x800</size>
               <logical_group_ref idref="lg-2d"/>
            </allocated_space>
            <allocated_space>
               <start_address>0x12e0</start_address>
               <size>0x34</size>
               <logical_group_ref idref="lg-2b"/>
            </allocated_space>
            <available_space>
               <start_address>0x1314</start_address>
               <size>0xffffeceb</size>
            </available_space>
         </usage_details>
      </memory_area>
   </placement_map>
   <symbol_table>
      <symbol id="sm-0">
         <name>cinit</name>
         <value>0x12e0</value>
      </symbol>
      <symbol id="sm-1">
         <name>___cinit__</name>
         <value>0x12e0</value>
      </symbol>
      <symbol id="sm-2">
         <name>pinit</name>
         <value>0xffffffff</value>
      </symbol>
      <symbol id="sm-3">
         <name>___pinit__</name>
         <value>0xffffffff</value>
      </symbol>
      <symbol id="sm-4">
         <name>binit</name>
         <value>0xffffffff</value>
      </symbol>
      <symbol id="sm-5">
         <name>___binit__</name>
         <value>0xffffffff</value>
      </symbol>
      <symbol id="sm-6">
         <name>__STACK_SIZE</name>
         <value>0x800</value>
      </symbol>
      <symbol id="sm-7">
         <name>__STACK_END</name>
         <value>0x12e0</value>
      </symbol>
      <symbol id="sm-8">
         <name>___c_args__</name>
         <value>0xffffffff</value>
      </symbol>
      <symbol id="sm-9">
         <name>.text</name>
         <value>0x20</value>
      </symbol>
      <symbol id="sm-a">
         <name>___text__</name>
         <value>0x20</value>
      </symbol>
      <symbol id="sm-b">
         <name>etext</name>
         <value>0xae0</value>
      </symbol>
      <symbol id="sm-c">
         <name>___etext__</name>
         <value>0xae0</value>
      </symbol>
      <symbol id="sm-d">
         <name>.data</name>
         <value>0x8</value>
      </symbol>
      <symbol id="sm-e">
         <name>___data__</name>
         <value>0x8</value>
      </symbol>
      <symbol id="sm-f">
         <name>edata</name>
         <value>0x8</value>
      </symbol>
      <symbol id="sm-10">
         <name>___edata__</name>
         <value>0x8</value>
      </symbol>
      <symbol id="sm-11">
         <name>.bss</name>
         <value>0x8</value>
      </symbol>
      <symbol id="sm-12">
         <name>___bss__</name>
         <value>0x8</value>
      </symbol>
      <symbol id="sm-13">
         <name>end</name>
         <value>0x8</value>
      </symbol>
      <symbol id="sm-14">
         <name>___end__</name>
         <value>0x8</value>
      </symbol>
      <symbol id="sm-15">
         <name>___TI_pprof_out_hndl</name>
         <value>0xffffffff</value>
      </symbol>
      <symbol id="sm-16">
         <name>___TI_prof_data_start</name>
         <value>0xffffffff</value>
      </symbol>
      <symbol id="sm-17">
         <name>___TI_prof_data_size</name>
         <value>0xffffffff</value>
      </symbol>
      <symbol id="sm-18">
         <name>$bss</name>
         <value>0x8</value>
      </symbol>
      <symbol id="sm-55">
         <name>_main</name>
         <value>0x20</value>
         <object_component_ref idref="oc-25"/>
      </symbol>
      <symbol id="sm-56">
         <name>_Delay</name>
         <value>0x3c</value>
         <object_component_ref idref="oc-25"/>
      </symbol>
      <symbol id="sm-57">
         <name>_DEC6713_Init</name>
         <value>0xa4</value>
         <object_component_ref idref="oc-25"/>
      </symbol>
      <symbol id="sm-63">
         <name>_c_int00</name>
         <value>0xa00</value>
         <object_component_ref idref="oc-2"/>
      </symbol>
      <symbol id="sm-64">
         <name>__stack</name>
         <value>0xae0</value>
         <object_component_ref idref="oc-8"/>
      </symbol>
      <symbol id="sm-74">
         <name>C$$EXIT</name>
         <value>0xac0</value>
         <object_component_ref idref="oc-26"/>
      </symbol>
      <symbol id="sm-75">
         <name>_exit</name>
         <value>0x7e0</value>
         <object_component_ref idref="oc-21"/>
      </symbol>
      <symbol id="sm-76">
         <name>___TI_enable_exit_profile_output</name>
         <value>0x10</value>
         <object_component_ref idref="oc-d"/>
      </symbol>
      <symbol id="sm-77">
         <name>_abort</name>
         <value>0xac0</value>
         <object_component_ref idref="oc-26"/>
      </symbol>
      <symbol id="sm-78">
         <name>__cleanup_ptr</name>
         <value>0x8</value>
         <object_component_ref idref="oc-d"/>
      </symbol>
      <symbol id="sm-79">
         <name>__dtors_ptr</name>
         <value>0xc</value>
         <object_component_ref idref="oc-d"/>
      </symbol>
      <symbol id="sm-83">
         <name>__args_main</name>
         <value>0xa80</value>
         <object_component_ref idref="oc-20"/>
      </symbol>
      <symbol id="sm-84">
         <name>__TI_args_main</name>
         <value>0x1</value>
      </symbol>
      <symbol id="sm-8e">
         <name>__auto_init</name>
         <value>0x6e0</value>
         <object_component_ref idref="oc-1f"/>
      </symbol>
      <symbol id="sm-98">
         <name>___TI_cpp_init</name>
         <value>0x980</value>
         <object_component_ref idref="oc-24"/>
      </symbol>
      <symbol id="sm-a2">
         <name>_copy_in</name>
         <value>0x8c0</value>
         <object_component_ref idref="oc-22"/>
      </symbol>
      <symbol id="sm-ac">
         <name>_memcpy</name>
         <value>0x4a0</value>
         <object_component_ref idref="oc-23"/>
      </symbol>
   </symbol_table>
</link_info>
