******************************************************************************
               TMS320C6x Linker PC v7.4.4                      
******************************************************************************
>> Linked Sat Apr 16 17:00:13 2022

OUTPUT FILE NAME:   <clock.out>
ENTRY POINT SYMBOL: "_c_int00"  address: 00000a00


MEMORY CONFIGURATION

         name            origin    length      used     unused   attr    fill
----------------------  --------  ---------  --------  --------  ----  --------
  RAM                   00000001   fffffffe  00001300  ffffecfe  RWIX


SECTION ALLOCATION MAP

 output                                  attributes/
section   page    origin      length       input sections
--------  ----  ----------  ----------   ----------------
.pinit     0    00000004    00000000     UNINITIALIZED

.data      0    00000008    00000000     UNINITIALIZED

.bss       0    00000008    00000000     UNINITIALIZED

.far       0    00000008    0000000c     UNINITIALIZED
                  00000008    0000000c     rts6700.lib : exit.obj (.far)

.text      0    00000020    00000ac0     
                  00000020    00000480     dec6713.obj (.text)
                  000004a0    00000240     rts6700.lib : memcpy62.obj (.text:_memcpy)
                  000006e0    00000100                 : autoinit.obj (.text:__auto_init)
                  000007e0    000000e0                 : exit.obj (.text:_exit)
                  000008c0    000000c0                 : cpy_tbl.obj (.text:_copy_in)
                  00000980    00000080                 : cpp_init.obj (.text:___TI_cpp_init)
                  00000a00    00000080                 : boot.obj (.text:_c_int00)
                  00000a80    00000040                 : args_main.obj (.text:__args_main)
                  00000ac0    00000020                 : exit.obj (.text:_abort)

.stack     0    00000ae0    00000800     UNINITIALIZED
                  00000ae0    00000008     rts6700.lib : boot.obj (.stack)
                  00000ae8    000007f8     --HOLE--

.cinit     0    000012e0    00000034     
                  000012e0    0000002c     rts6700.lib : exit.obj (.cinit)
                  0000130c    00000004     --HOLE-- [fill = 0]
                  00001310    00000004     (.pad.cinit) [fill = 0]


GLOBAL SYMBOLS: SORTED ALPHABETICALLY BY Name 

address    name
--------   ----
00000008   $bss
00000008   .bss
00000008   .data
00000020   .text
00000ac0   C$$EXIT
000000a4   _DEC6713_Init
0000003c   _Delay
000012e0   __STACK_END
00000800   __STACK_SIZE
00000001   __TI_args_main
00000980   ___TI_cpp_init
00000010   ___TI_enable_exit_profile_output
ffffffff   ___TI_pprof_out_hndl
ffffffff   ___TI_prof_data_size
ffffffff   ___TI_prof_data_start
ffffffff   ___binit__
00000008   ___bss__
ffffffff   ___c_args__
000012e0   ___cinit__
00000008   ___data__
00000008   ___edata__
00000008   ___end__
00000ae0   ___etext__
ffffffff   ___pinit__
00000020   ___text__
00000a80   __args_main
000006e0   __auto_init
00000008   __cleanup_ptr
0000000c   __dtors_ptr
00000ae0   __stack
00000ac0   _abort
00000a00   _c_int00
000008c0   _copy_in
000007e0   _exit
00000020   _main
000004a0   _memcpy
ffffffff   binit
000012e0   cinit
00000008   edata
00000008   end
00000ae0   etext
ffffffff   pinit


GLOBAL SYMBOLS: SORTED BY Symbol Address 

address    name
--------   ----
00000001   __TI_args_main
00000008   $bss
00000008   .bss
00000008   .data
00000008   ___bss__
00000008   ___data__
00000008   ___edata__
00000008   ___end__
00000008   __cleanup_ptr
00000008   edata
00000008   end
0000000c   __dtors_ptr
00000010   ___TI_enable_exit_profile_output
00000020   .text
00000020   ___text__
00000020   _main
0000003c   _Delay
000000a4   _DEC6713_Init
000004a0   _memcpy
000006e0   __auto_init
000007e0   _exit
00000800   __STACK_SIZE
000008c0   _copy_in
00000980   ___TI_cpp_init
00000a00   _c_int00
00000a80   __args_main
00000ac0   C$$EXIT
00000ac0   _abort
00000ae0   ___etext__
00000ae0   __stack
00000ae0   etext
000012e0   __STACK_END
000012e0   ___cinit__
000012e0   cinit
ffffffff   ___TI_pprof_out_hndl
ffffffff   ___TI_prof_data_size
ffffffff   ___TI_prof_data_start
ffffffff   ___binit__
ffffffff   ___c_args__
ffffffff   ___pinit__
ffffffff   binit
ffffffff   pinit

[42 symbols]
