******************************************************************************
               TMS320C6x Linker PC v7.4.4                      
******************************************************************************
>> Linked Wed Mar 23 17:06:05 2022

OUTPUT FILE NAME:   <test01_1.out>
ENTRY POINT SYMBOL: "_c_int00"  address: 00000d60


MEMORY CONFIGURATION

         name            origin    length      used     unused   attr    fill
----------------------  --------  ---------  --------  --------  ----  --------
  IRAM                  00000000   00030000  00000f00  0002f100  RWIX
  L2RAM                 00030000   00010000  00000000  00010000  RWIX
  EMIFCE0               80000000   10000000  00000000  10000000  RWIX
  EMIFCE1               90000000   10000000  00000000  10000000  RWIX
  EMIFCE2               a0000000   10000000  00000000  10000000  RWIX
  EMIFCE3               b0000000   10000000  00000000  10000000  RWIX


SECTION ALLOCATION MAP

 output                                  attributes/
section   page    origin      length       input sections
--------  ----  ----------  ----------   ----------------
.stack     0    00000000    00000800     UNINITIALIZED
                  00000000    00000008     rts6700.lib : boot.obj (.stack)
                  00000008    000007f8     --HOLE--

.bss       0    00000000    00000000     UNINITIALIZED

.data      0    00000000    00000000     UNINITIALIZED

.pinit     0    00000000    00000000     UNINITIALIZED

.text      0    00000800    000006c0     
                  00000800    00000240     rts6700.lib : memcpy62.obj (.text:_memcpy)
                  00000a40    00000100                 : autoinit.obj (.text:__auto_init)
                  00000b40    000000e0                 : exit.obj (.text:_exit)
                  00000c20    000000c0                 : cpy_tbl.obj (.text:_copy_in)
                  00000ce0    00000080                 : cpp_init.obj (.text:___TI_cpp_init)
                  00000d60    00000080                 : boot.obj (.text:_c_int00)
                  00000de0    00000080     main.obj (.text)
                  00000e60    00000040     rts6700.lib : args_main.obj (.text:__args_main)
                  00000ea0    00000020                 : exit.obj (.text:_abort)

.cinit     0    00000ec0    00000034     
                  00000ec0    0000002c     rts6700.lib : exit.obj (.cinit)
                  00000eec    00000004     --HOLE-- [fill = 0]
                  00000ef0    00000004     (.pad.cinit) [fill = 0]

.far       0    00000ef4    0000000c     UNINITIALIZED
                  00000ef4    0000000c     rts6700.lib : exit.obj (.far)


GLOBAL SYMBOLS: SORTED ALPHABETICALLY BY Name 

address    name
--------   ----
00000000   $bss
00000000   .bss
00000000   .data
00000800   .text
00000ea0   C$$EXIT
00000800   __STACK_END
00000800   __STACK_SIZE
00000001   __TI_args_main
00000ce0   ___TI_cpp_init
00000efc   ___TI_enable_exit_profile_output
ffffffff   ___TI_pprof_out_hndl
ffffffff   ___TI_prof_data_size
ffffffff   ___TI_prof_data_start
ffffffff   ___binit__
00000000   ___bss__
ffffffff   ___c_args__
00000ec0   ___cinit__
00000000   ___data__
00000000   ___edata__
00000000   ___end__
00000ec0   ___etext__
ffffffff   ___pinit__
00000800   ___text__
00000e60   __args_main
00000a40   __auto_init
00000ef4   __cleanup_ptr
00000ef8   __dtors_ptr
00000000   __stack
00000ea0   _abort
00000d60   _c_int00
00000c20   _copy_in
00000b40   _exit
00000de0   _main
00000800   _memcpy
ffffffff   binit
00000ec0   cinit
00000000   edata
00000000   end
00000ec0   etext
ffffffff   pinit


GLOBAL SYMBOLS: SORTED BY Symbol Address 

address    name
--------   ----
00000000   $bss
00000000   .bss
00000000   .data
00000000   ___bss__
00000000   ___data__
00000000   ___edata__
00000000   ___end__
00000000   __stack
00000000   edata
00000000   end
00000001   __TI_args_main
00000800   .text
00000800   __STACK_END
00000800   __STACK_SIZE
00000800   ___text__
00000800   _memcpy
00000a40   __auto_init
00000b40   _exit
00000c20   _copy_in
00000ce0   ___TI_cpp_init
00000d60   _c_int00
00000de0   _main
00000e60   __args_main
00000ea0   C$$EXIT
00000ea0   _abort
00000ec0   ___cinit__
00000ec0   ___etext__
00000ec0   cinit
00000ec0   etext
00000ef4   __cleanup_ptr
00000ef8   __dtors_ptr
00000efc   ___TI_enable_exit_profile_output
ffffffff   ___TI_pprof_out_hndl
ffffffff   ___TI_prof_data_size
ffffffff   ___TI_prof_data_start
ffffffff   ___binit__
ffffffff   ___c_args__
ffffffff   ___pinit__
ffffffff   binit
ffffffff   pinit

[40 symbols]
