<?xml version="1.0"?>
<link_info>
   <banner>TMS320C6x Linker PC v7.4.4</banner>
   <copyright>Copyright (c) 1996-2013 Texas Instruments Incorporated</copyright>
   <link_time>0x625fbe26</link_time>
   <output_file>sdram.out</output_file>
   <entry_point>
      <name>_c_int00</name>
      <address>0x8400</address>
   </entry_point>
   <input_file_list>
      <input_file id="fl-2">
         <path>.\</path>
         <kind>object</kind>
         <file>sdram.obj</file>
         <name>sdram.obj</name>
      </input_file>
      <input_file id="fl-3">
         <path>.\</path>
         <kind>object</kind>
         <file>dec6713.obj</file>
         <name>dec6713.obj</name>
      </input_file>
      <input_file id="fl-7e">
         <path>C:\ti\ccsv5\tools\compiler\c6000_7.4.4\lib\</path>
         <kind>archive</kind>
         <file>rts6700.lib</file>
         <name>boot.obj</name>
      </input_file>
      <input_file id="fl-7f">
         <path>C:\ti\ccsv5\tools\compiler\c6000_7.4.4\lib\</path>
         <kind>archive</kind>
         <file>rts6700.lib</file>
         <name>exit.obj</name>
      </input_file>
      <input_file id="fl-80">
         <path>C:\ti\ccsv5\tools\compiler\c6000_7.4.4\lib\</path>
         <kind>archive</kind>
         <file>rts6700.lib</file>
         <name>printf.obj</name>
      </input_file>
      <input_file id="fl-81">
         <path>C:\ti\ccsv5\tools\compiler\c6000_7.4.4\lib\</path>
         <kind>archive</kind>
         <file>rts6700.lib</file>
         <name>_lock.obj</name>
      </input_file>
      <input_file id="fl-82">
         <path>C:\ti\ccsv5\tools\compiler\c6000_7.4.4\lib\</path>
         <kind>archive</kind>
         <file>rts6700.lib</file>
         <name>_printfi.obj</name>
      </input_file>
      <input_file id="fl-83">
         <path>C:\ti\ccsv5\tools\compiler\c6000_7.4.4\lib\</path>
         <kind>archive</kind>
         <file>rts6700.lib</file>
         <name>args_main.obj</name>
      </input_file>
      <input_file id="fl-84">
         <path>C:\ti\ccsv5\tools\compiler\c6000_7.4.4\lib\</path>
         <kind>archive</kind>
         <file>rts6700.lib</file>
         <name>atoi.obj</name>
      </input_file>
      <input_file id="fl-85">
         <path>C:\ti\ccsv5\tools\compiler\c6000_7.4.4\lib\</path>
         <kind>archive</kind>
         <file>rts6700.lib</file>
         <name>autoinit.obj</name>
      </input_file>
      <input_file id="fl-86">
         <path>C:\ti\ccsv5\tools\compiler\c6000_7.4.4\lib\</path>
         <kind>archive</kind>
         <file>rts6700.lib</file>
         <name>cpp_init.obj</name>
      </input_file>
      <input_file id="fl-87">
         <path>C:\ti\ccsv5\tools\compiler\c6000_7.4.4\lib\</path>
         <kind>archive</kind>
         <file>rts6700.lib</file>
         <name>cpy_tbl.obj</name>
      </input_file>
      <input_file id="fl-88">
         <path>C:\ti\ccsv5\tools\compiler\c6000_7.4.4\lib\</path>
         <kind>archive</kind>
         <file>rts6700.lib</file>
         <name>ctype.obj</name>
      </input_file>
      <input_file id="fl-89">
         <path>C:\ti\ccsv5\tools\compiler\c6000_7.4.4\lib\</path>
         <kind>archive</kind>
         <file>rts6700.lib</file>
         <name>defs.obj</name>
      </input_file>
      <input_file id="fl-8a">
         <path>C:\ti\ccsv5\tools\compiler\c6000_7.4.4\lib\</path>
         <kind>archive</kind>
         <file>rts6700.lib</file>
         <name>divd.obj</name>
      </input_file>
      <input_file id="fl-8b">
         <path>C:\ti\ccsv5\tools\compiler\c6000_7.4.4\lib\</path>
         <kind>archive</kind>
         <file>rts6700.lib</file>
         <name>divu.obj</name>
      </input_file>
      <input_file id="fl-8c">
         <path>C:\ti\ccsv5\tools\compiler\c6000_7.4.4\lib\</path>
         <kind>archive</kind>
         <file>rts6700.lib</file>
         <name>fixdli.obj</name>
      </input_file>
      <input_file id="fl-8d">
         <path>C:\ti\ccsv5\tools\compiler\c6000_7.4.4\lib\</path>
         <kind>archive</kind>
         <file>rts6700.lib</file>
         <name>fltlid.obj</name>
      </input_file>
      <input_file id="fl-8e">
         <path>C:\ti\ccsv5\tools\compiler\c6000_7.4.4\lib\</path>
         <kind>archive</kind>
         <file>rts6700.lib</file>
         <name>fputc.obj</name>
      </input_file>
      <input_file id="fl-8f">
         <path>C:\ti\ccsv5\tools\compiler\c6000_7.4.4\lib\</path>
         <kind>archive</kind>
         <file>rts6700.lib</file>
         <name>fputs.obj</name>
      </input_file>
      <input_file id="fl-90">
         <path>C:\ti\ccsv5\tools\compiler\c6000_7.4.4\lib\</path>
         <kind>archive</kind>
         <file>rts6700.lib</file>
         <name>frcmpyd_div.obj</name>
      </input_file>
      <input_file id="fl-91">
         <path>C:\ti\ccsv5\tools\compiler\c6000_7.4.4\lib\</path>
         <kind>archive</kind>
         <file>rts6700.lib</file>
         <name>imath40.obj</name>
      </input_file>
      <input_file id="fl-92">
         <path>C:\ti\ccsv5\tools\compiler\c6000_7.4.4\lib\</path>
         <kind>archive</kind>
         <file>rts6700.lib</file>
         <name>imath64.obj</name>
      </input_file>
      <input_file id="fl-93">
         <path>C:\ti\ccsv5\tools\compiler\c6000_7.4.4\lib\</path>
         <kind>archive</kind>
         <file>rts6700.lib</file>
         <name>isinf.obj</name>
      </input_file>
      <input_file id="fl-94">
         <path>C:\ti\ccsv5\tools\compiler\c6000_7.4.4\lib\</path>
         <kind>archive</kind>
         <file>rts6700.lib</file>
         <name>llshift.obj</name>
      </input_file>
      <input_file id="fl-95">
         <path>C:\ti\ccsv5\tools\compiler\c6000_7.4.4\lib\</path>
         <kind>archive</kind>
         <file>rts6700.lib</file>
         <name>lowlev.obj</name>
      </input_file>
      <input_file id="fl-96">
         <path>C:\ti\ccsv5\tools\compiler\c6000_7.4.4\lib\</path>
         <kind>archive</kind>
         <file>rts6700.lib</file>
         <name>ltoa.obj</name>
      </input_file>
      <input_file id="fl-97">
         <path>C:\ti\ccsv5\tools\compiler\c6000_7.4.4\lib\</path>
         <kind>archive</kind>
         <file>rts6700.lib</file>
         <name>memccpy.obj</name>
      </input_file>
      <input_file id="fl-98">
         <path>C:\ti\ccsv5\tools\compiler\c6000_7.4.4\lib\</path>
         <kind>archive</kind>
         <file>rts6700.lib</file>
         <name>memcpy62.obj</name>
      </input_file>
      <input_file id="fl-99">
         <path>C:\ti\ccsv5\tools\compiler\c6000_7.4.4\lib\</path>
         <kind>archive</kind>
         <file>rts6700.lib</file>
         <name>memset.obj</name>
      </input_file>
      <input_file id="fl-9a">
         <path>C:\ti\ccsv5\tools\compiler\c6000_7.4.4\lib\</path>
         <kind>archive</kind>
         <file>rts6700.lib</file>
         <name>mpyll.obj</name>
      </input_file>
      <input_file id="fl-9b">
         <path>C:\ti\ccsv5\tools\compiler\c6000_7.4.4\lib\</path>
         <kind>archive</kind>
         <file>rts6700.lib</file>
         <name>negll.obj</name>
      </input_file>
      <input_file id="fl-9c">
         <path>C:\ti\ccsv5\tools\compiler\c6000_7.4.4\lib\</path>
         <kind>archive</kind>
         <file>rts6700.lib</file>
         <name>trgdrv.obj</name>
      </input_file>
      <input_file id="fl-9d">
         <path>C:\ti\ccsv5\tools\compiler\c6000_7.4.4\lib\</path>
         <kind>archive</kind>
         <file>rts6700.lib</file>
         <name>trgmsg.obj</name>
      </input_file>
      <input_file id="fl-9e">
         <path>C:\ti\ccsv5\tools\compiler\c6000_7.4.4\lib\</path>
         <kind>archive</kind>
         <file>rts6700.lib</file>
         <name>_io_perm.obj</name>
      </input_file>
      <input_file id="fl-9f">
         <path>C:\ti\ccsv5\tools\compiler\c6000_7.4.4\lib\</path>
         <kind>archive</kind>
         <file>rts6700.lib</file>
         <name>abs.obj</name>
      </input_file>
      <input_file id="fl-a0">
         <path>C:\ti\ccsv5\tools\compiler\c6000_7.4.4\lib\</path>
         <kind>archive</kind>
         <file>rts6700.lib</file>
         <name>fflush.obj</name>
      </input_file>
      <input_file id="fl-a1">
         <path>C:\ti\ccsv5\tools\compiler\c6000_7.4.4\lib\</path>
         <kind>archive</kind>
         <file>rts6700.lib</file>
         <name>fseek.obj</name>
      </input_file>
      <input_file id="fl-a2">
         <path>C:\ti\ccsv5\tools\compiler\c6000_7.4.4\lib\</path>
         <kind>archive</kind>
         <file>rts6700.lib</file>
         <name>setvbuf.obj</name>
      </input_file>
      <input_file id="fl-a3">
         <path>C:\ti\ccsv5\tools\compiler\c6000_7.4.4\lib\</path>
         <kind>archive</kind>
         <file>rts6700.lib</file>
         <name>fopen.obj</name>
      </input_file>
      <input_file id="fl-a4">
         <path>C:\ti\ccsv5\tools\compiler\c6000_7.4.4\lib\</path>
         <kind>archive</kind>
         <file>rts6700.lib</file>
         <name>memory.obj</name>
      </input_file>
      <input_file id="fl-a5">
         <path>C:\ti\ccsv5\tools\compiler\c6000_7.4.4\lib\</path>
         <kind>archive</kind>
         <file>rts6700.lib</file>
         <name>fclose.obj</name>
      </input_file>
      <input_file id="fl-a6">
         <path>C:\ti\ccsv5\tools\compiler\c6000_7.4.4\lib\</path>
         <kind>archive</kind>
         <file>rts6700.lib</file>
         <name>remove.obj</name>
      </input_file>
   </input_file_list>
   <object_component_list>
      <object_component id="oc-dd">
         <name>.text:__divd</name>
         <load_address>0x0</load_address>
         <run_address>0x0</run_address>
         <size>0x720</size>
         <input_file_ref idref="fl-8a"/>
      </object_component>
      <object_component id="oc-b6">
         <name>.text</name>
         <load_address>0x720</load_address>
         <run_address>0x720</run_address>
         <size>0x6e0</size>
         <input_file_ref idref="fl-3"/>
      </object_component>
      <object_component id="oc-d1">
         <name>.text:__getarg_diouxp</name>
         <load_address>0xe00</load_address>
         <run_address>0xe00</run_address>
         <size>0x6c0</size>
         <input_file_ref idref="fl-82"/>
      </object_component>
      <object_component id="oc-bf">
         <name>.text:__setfield</name>
         <load_address>0x14c0</load_address>
         <run_address>0x14c0</run_address>
         <size>0x5a0</size>
         <input_file_ref idref="fl-82"/>
      </object_component>
      <object_component id="oc-ba">
         <name>.text:__printfi</name>
         <load_address>0x1a60</load_address>
         <run_address>0x1a60</run_address>
         <size>0x560</size>
         <input_file_ref idref="fl-82"/>
      </object_component>
      <object_component id="oc-bb">
         <name>.text:_fputs</name>
         <load_address>0x1fc0</load_address>
         <run_address>0x1fc0</run_address>
         <size>0x4c0</size>
         <input_file_ref idref="fl-8f"/>
      </object_component>
      <object_component id="oc-db">
         <name>.text:_fcvt</name>
         <load_address>0x2480</load_address>
         <run_address>0x2480</run_address>
         <size>0x420</size>
         <input_file_ref idref="fl-82"/>
      </object_component>
      <object_component id="oc-c6">
         <name>.text:__pproc_fge</name>
         <load_address>0x28a0</load_address>
         <run_address>0x28a0</run_address>
         <size>0x400</size>
         <input_file_ref idref="fl-82"/>
      </object_component>
      <object_component id="oc-d8">
         <name>.text:_ecvt</name>
         <load_address>0x2ca0</load_address>
         <run_address>0x2ca0</run_address>
         <size>0x400</size>
         <input_file_ref idref="fl-82"/>
      </object_component>
      <object_component id="oc-ea">
         <name>.text:__divull</name>
         <load_address>0x30a0</load_address>
         <run_address>0x30a0</run_address>
         <size>0x380</size>
         <input_file_ref idref="fl-92"/>
      </object_component>
      <object_component id="oc-d5">
         <name>.text:_free</name>
         <load_address>0x3420</load_address>
         <run_address>0x3420</run_address>
         <size>0x380</size>
         <input_file_ref idref="fl-a4"/>
      </object_component>
      <object_component id="oc-d0">
         <name>.text:__pconv_e</name>
         <load_address>0x37a0</load_address>
         <run_address>0x37a0</run_address>
         <size>0x360</size>
         <input_file_ref idref="fl-82"/>
      </object_component>
      <object_component id="oc-be">
         <name>.text:__pproc_fwp</name>
         <load_address>0x3b00</load_address>
         <run_address>0x3b00</run_address>
         <size>0x360</size>
         <input_file_ref idref="fl-82"/>
      </object_component>
      <object_component id="oc-c7">
         <name>.text:__pproc_diouxp</name>
         <load_address>0x3e60</load_address>
         <run_address>0x3e60</run_address>
         <size>0x300</size>
         <input_file_ref idref="fl-82"/>
      </object_component>
      <object_component id="oc-ce">
         <name>.text:__pconv_g</name>
         <load_address>0x4160</load_address>
         <run_address>0x4160</run_address>
         <size>0x2c0</size>
         <input_file_ref idref="fl-82"/>
      </object_component>
      <object_component id="oc-c0">
         <name>.text:__pproc_str</name>
         <load_address>0x4420</load_address>
         <run_address>0x4420</run_address>
         <size>0x2c0</size>
         <input_file_ref idref="fl-82"/>
      </object_component>
      <object_component id="oc-bc">
         <name>.text:_fputc</name>
         <load_address>0x46e0</load_address>
         <run_address>0x46e0</run_address>
         <size>0x2a0</size>
         <input_file_ref idref="fl-8e"/>
      </object_component>
      <object_component id="oc-ca">
         <name>.text:_setvbuf</name>
         <load_address>0x4980</load_address>
         <run_address>0x4980</run_address>
         <size>0x2a0</size>
         <input_file_ref idref="fl-a2"/>
      </object_component>
      <object_component id="oc-e9">
         <name>.text:__divul</name>
         <load_address>0x4c20</load_address>
         <run_address>0x4c20</run_address>
         <size>0x260</size>
         <input_file_ref idref="fl-91"/>
      </object_component>
      <object_component id="oc-da">
         <name>.text:__mcpy</name>
         <load_address>0x4e80</load_address>
         <run_address>0x4e80</run_address>
         <size>0x240</size>
         <input_file_ref idref="fl-82"/>
      </object_component>
      <object_component id="oc-d6">
         <name>.text:_malloc</name>
         <load_address>0x50c0</load_address>
         <run_address>0x50c0</run_address>
         <size>0x240</size>
         <input_file_ref idref="fl-a4"/>
      </object_component>
      <object_component id="oc-b0">
         <name>.text:_memcpy</name>
         <load_address>0x5300</load_address>
         <run_address>0x5300</run_address>
         <size>0x240</size>
         <input_file_ref idref="fl-98"/>
      </object_component>
      <object_component id="oc-ae">
         <name>.text:_HOSTrename</name>
         <load_address>0x5540</load_address>
         <run_address>0x5540</run_address>
         <size>0x220</size>
         <input_file_ref idref="fl-9c"/>
      </object_component>
      <object_component id="oc-f2">
         <name>.text:_getdevice</name>
         <load_address>0x5760</load_address>
         <run_address>0x5760</run_address>
         <size>0x1e0</size>
         <input_file_ref idref="fl-95"/>
      </object_component>
      <object_component id="oc-b2">
         <name>.text</name>
         <load_address>0x5940</load_address>
         <run_address>0x5940</run_address>
         <size>0x1e0</size>
         <input_file_ref idref="fl-2"/>
      </object_component>
      <object_component id="oc-c9">
         <name>.text:_fseek</name>
         <load_address>0x5b20</load_address>
         <run_address>0x5b20</run_address>
         <size>0x1c0</size>
         <input_file_ref idref="fl-a1"/>
      </object_component>
      <object_component id="oc-d3">
         <name>.text:__ltostr</name>
         <load_address>0x5ce0</load_address>
         <run_address>0x5ce0</run_address>
         <size>0x1a0</size>
         <input_file_ref idref="fl-82"/>
      </object_component>
      <object_component id="oc-bd">
         <name>.text:__pproc_fflags</name>
         <load_address>0x5e80</load_address>
         <run_address>0x5e80</run_address>
         <size>0x1a0</size>
         <input_file_ref idref="fl-82"/>
      </object_component>
      <object_component id="oc-ac">
         <name>.text:_HOSTlseek</name>
         <load_address>0x6020</load_address>
         <run_address>0x6020</run_address>
         <size>0x160</size>
         <input_file_ref idref="fl-9c"/>
      </object_component>
      <object_component id="oc-e2">
         <name>.text:__closefile</name>
         <load_address>0x6180</load_address>
         <run_address>0x6180</run_address>
         <size>0x160</size>
         <input_file_ref idref="fl-a5"/>
      </object_component>
      <object_component id="oc-aa">
         <name>.text:_HOSTread</name>
         <load_address>0x62e0</load_address>
         <run_address>0x62e0</run_address>
         <size>0x140</size>
         <input_file_ref idref="fl-9c"/>
      </object_component>
      <object_component id="oc-e7">
         <name>.text:__frcmpyd_div</name>
         <load_address>0x6420</load_address>
         <run_address>0x6420</run_address>
         <size>0x140</size>
         <input_file_ref idref="fl-90"/>
      </object_component>
      <object_component id="oc-c5">
         <name>.text:_atoi</name>
         <load_address>0x6560</load_address>
         <run_address>0x6560</run_address>
         <size>0x140</size>
         <input_file_ref idref="fl-84"/>
      </object_component>
      <object_component id="oc-a8">
         <name>.text:_HOSTopen</name>
         <load_address>0x66a0</load_address>
         <run_address>0x66a0</run_address>
         <size>0x120</size>
         <input_file_ref idref="fl-9c"/>
      </object_component>
      <object_component id="oc-ab">
         <name>.text:_HOSTwrite</name>
         <load_address>0x67c0</load_address>
         <run_address>0x67c0</run_address>
         <size>0x120</size>
         <input_file_ref idref="fl-9c"/>
      </object_component>
      <object_component id="oc-c1">
         <name>.text:__wrt_ok</name>
         <load_address>0x68e0</load_address>
         <run_address>0x68e0</run_address>
         <size>0x120</size>
         <input_file_ref idref="fl-9e"/>
      </object_component>
      <object_component id="oc-eb">
         <name>.text:_close</name>
         <load_address>0x6a00</load_address>
         <run_address>0x6a00</run_address>
         <size>0x120</size>
         <input_file_ref idref="fl-95"/>
      </object_component>
      <object_component id="oc-e4">
         <name>.text:_ltoa</name>
         <load_address>0x6b20</load_address>
         <run_address>0x6b20</run_address>
         <size>0x120</size>
         <input_file_ref idref="fl-96"/>
      </object_component>
      <object_component id="oc-c4">
         <name>.text:_memset</name>
         <load_address>0x6c40</load_address>
         <run_address>0x6c40</run_address>
         <size>0x120</size>
         <input_file_ref idref="fl-99"/>
      </object_component>
      <object_component id="oc-a9">
         <name>.text:_HOSTclose</name>
         <load_address>0x6d60</load_address>
         <run_address>0x6d60</run_address>
         <size>0x100</size>
         <input_file_ref idref="fl-9c"/>
      </object_component>
      <object_component id="oc-ad">
         <name>.text:_HOSTunlink</name>
         <load_address>0x6e60</load_address>
         <run_address>0x6e60</run_address>
         <size>0x100</size>
         <input_file_ref idref="fl-9c"/>
      </object_component>
      <object_component id="oc-a4">
         <name>.text:__auto_init</name>
         <load_address>0x6f60</load_address>
         <run_address>0x6f60</run_address>
         <size>0x100</size>
         <input_file_ref idref="fl-85"/>
      </object_component>
      <object_component id="oc-de">
         <name>.text:__div</name>
         <load_address>0x7060</load_address>
         <run_address>0x7060</run_address>
         <size>0x100</size>
         <input_file_ref idref="fl-82"/>
      </object_component>
      <object_component id="oc-ee">
         <name>.text:__divli</name>
         <load_address>0x7160</load_address>
         <run_address>0x7160</run_address>
         <size>0x100</size>
         <input_file_ref idref="fl-91"/>
      </object_component>
      <object_component id="oc-cf">
         <name>.text:__pconv_f</name>
         <load_address>0x7260</load_address>
         <run_address>0x7260</run_address>
         <size>0x100</size>
         <input_file_ref idref="fl-82"/>
      </object_component>
      <object_component id="oc-d4">
         <name>.text:_lseek</name>
         <load_address>0x7360</load_address>
         <run_address>0x7360</run_address>
         <size>0x100</size>
         <input_file_ref idref="fl-95"/>
      </object_component>
      <object_component id="oc-b7">
         <name>.text:_printf</name>
         <load_address>0x7460</load_address>
         <run_address>0x7460</run_address>
         <size>0x100</size>
         <input_file_ref idref="fl-80"/>
      </object_component>
      <object_component id="oc-c3">
         <name>.text:_write</name>
         <load_address>0x7560</load_address>
         <run_address>0x7560</run_address>
         <size>0x100</size>
         <input_file_ref idref="fl-95"/>
      </object_component>
      <object_component id="oc-d7">
         <name>.text:__cleanup</name>
         <load_address>0x7660</load_address>
         <run_address>0x7660</run_address>
         <size>0xe0</size>
         <input_file_ref idref="fl-a3"/>
      </object_component>
      <object_component id="oc-c2">
         <name>.text:__doflush</name>
         <load_address>0x7740</load_address>
         <run_address>0x7740</run_address>
         <size>0xe0</size>
         <input_file_ref idref="fl-a0"/>
      </object_component>
      <object_component id="oc-d9">
         <name>.text:__ecpy</name>
         <load_address>0x7820</load_address>
         <run_address>0x7820</run_address>
         <size>0xe0</size>
         <input_file_ref idref="fl-82"/>
      </object_component>
      <object_component id="oc-dc">
         <name>.text:__fcpy</name>
         <load_address>0x7900</load_address>
         <run_address>0x7900</run_address>
         <size>0xe0</size>
         <input_file_ref idref="fl-82"/>
      </object_component>
      <object_component id="oc-a6">
         <name>.text:_exit</name>
         <load_address>0x79e0</load_address>
         <run_address>0x79e0</run_address>
         <size>0xe0</size>
         <input_file_ref idref="fl-7f"/>
      </object_component>
      <object_component id="oc-e1">
         <name>.text:_minsert</name>
         <load_address>0x7ac0</load_address>
         <run_address>0x7ac0</run_address>
         <size>0xe0</size>
         <input_file_ref idref="fl-a4"/>
      </object_component>
      <object_component id="oc-e0">
         <name>.text:_mremove</name>
         <load_address>0x7ba0</load_address>
         <run_address>0x7ba0</run_address>
         <size>0xe0</size>
         <input_file_ref idref="fl-a4"/>
      </object_component>
      <object_component id="oc-e8">
         <name>.text:__divu</name>
         <load_address>0x7c80</load_address>
         <run_address>0x7c80</run_address>
         <size>0xc0</size>
         <input_file_ref idref="fl-8b"/>
      </object_component>
      <object_component id="oc-af">
         <name>.text:_copy_in</name>
         <load_address>0x7d40</load_address>
         <run_address>0x7d40</run_address>
         <size>0xc0</size>
         <input_file_ref idref="fl-87"/>
      </object_component>
      <object_component id="oc-f3">
         <name>.text:_finddevice</name>
         <load_address>0x7e00</load_address>
         <run_address>0x7e00</run_address>
         <size>0xc0</size>
         <input_file_ref idref="fl-95"/>
      </object_component>
      <object_component id="oc-e3">
         <name>.text:__fixdli</name>
         <load_address>0x7ec0</load_address>
         <run_address>0x7ec0</run_address>
         <size>0xa0</size>
         <input_file_ref idref="fl-8c"/>
      </object_component>
      <object_component id="oc-df">
         <name>.text:__mpyll</name>
         <load_address>0x7f60</load_address>
         <run_address>0x7f60</run_address>
         <size>0xa0</size>
         <input_file_ref idref="fl-9a"/>
      </object_component>
      <object_component id="oc-ed">
         <name>.text:__remli</name>
         <load_address>0x8000</load_address>
         <run_address>0x8000</run_address>
         <size>0xa0</size>
         <input_file_ref idref="fl-91"/>
      </object_component>
      <object_component id="oc-b5">
         <name>.text:_readmsg</name>
         <load_address>0x80a0</load_address>
         <run_address>0x80a0</run_address>
         <size>0xa0</size>
         <input_file_ref idref="fl-9d"/>
      </object_component>
      <object_component id="oc-f1">
         <name>.text:_unlink</name>
         <load_address>0x8140</load_address>
         <run_address>0x8140</run_address>
         <size>0xa0</size>
         <input_file_ref idref="fl-95"/>
      </object_component>
      <object_component id="oc-b4">
         <name>.text:_writemsg</name>
         <load_address>0x81e0</load_address>
         <run_address>0x81e0</run_address>
         <size>0xa0</size>
         <input_file_ref idref="fl-9d"/>
      </object_component>
      <object_component id="oc-b1">
         <name>.text:___TI_cpp_init</name>
         <load_address>0x8280</load_address>
         <run_address>0x8280</run_address>
         <size>0x80</size>
         <input_file_ref idref="fl-86"/>
      </object_component>
      <object_component id="oc-e5">
         <name>.text:__fltlid</name>
         <load_address>0x8300</load_address>
         <run_address>0x8300</run_address>
         <size>0x80</size>
         <input_file_ref idref="fl-8d"/>
      </object_component>
      <object_component id="oc-ef">
         <name>.text:__llshl</name>
         <load_address>0x8380</load_address>
         <run_address>0x8380</run_address>
         <size>0x80</size>
         <input_file_ref idref="fl-94"/>
      </object_component>
      <object_component id="oc-e">
         <name>.text:_c_int00</name>
         <load_address>0x8400</load_address>
         <run_address>0x8400</run_address>
         <size>0x80</size>
         <input_file_ref idref="fl-7e"/>
      </object_component>
      <object_component id="oc-c8">
         <name>.text:_memccpy</name>
         <load_address>0x8480</load_address>
         <run_address>0x8480</run_address>
         <size>0x80</size>
         <input_file_ref idref="fl-97"/>
      </object_component>
      <object_component id="oc-cd">
         <name>.text:___isinf</name>
         <load_address>0x8500</load_address>
         <run_address>0x8500</run_address>
         <size>0x60</size>
         <input_file_ref idref="fl-93"/>
      </object_component>
      <object_component id="oc-e6">
         <name>.text:__llshru</name>
         <load_address>0x8560</load_address>
         <run_address>0x8560</run_address>
         <size>0x60</size>
         <input_file_ref idref="fl-94"/>
      </object_component>
      <object_component id="oc-f0">
         <name>.text:__subcull</name>
         <load_address>0x85c0</load_address>
         <run_address>0x85c0</run_address>
         <size>0x60</size>
         <input_file_ref idref="fl-92"/>
      </object_component>
      <object_component id="oc-cc">
         <name>.text:___isnan</name>
         <load_address>0x8620</load_address>
         <run_address>0x8620</run_address>
         <size>0x40</size>
         <input_file_ref idref="fl-82"/>
      </object_component>
      <object_component id="oc-a5">
         <name>.text:__args_main</name>
         <load_address>0x8660</load_address>
         <run_address>0x8660</run_address>
         <size>0x40</size>
         <input_file_ref idref="fl-83"/>
      </object_component>
      <object_component id="oc-d2">
         <name>.text:__negll</name>
         <load_address>0x86a0</load_address>
         <run_address>0x86a0</run_address>
         <size>0x20</size>
         <input_file_ref idref="fl-9b"/>
      </object_component>
      <object_component id="oc-a7">
         <name>.text:__nop</name>
         <load_address>0x86c0</load_address>
         <run_address>0x86c0</run_address>
         <size>0x20</size>
         <input_file_ref idref="fl-81"/>
      </object_component>
      <object_component id="oc-b9">
         <name>.text:__outc</name>
         <load_address>0x86e0</load_address>
         <run_address>0x86e0</run_address>
         <size>0x20</size>
         <input_file_ref idref="fl-80"/>
      </object_component>
      <object_component id="oc-b8">
         <name>.text:__outs</name>
         <load_address>0x8700</load_address>
         <run_address>0x8700</run_address>
         <size>0x20</size>
         <input_file_ref idref="fl-80"/>
      </object_component>
      <object_component id="oc-b3">
         <name>.text:_abort</name>
         <load_address>0x8720</load_address>
         <run_address>0x8720</run_address>
         <size>0x20</size>
         <input_file_ref idref="fl-7f"/>
      </object_component>
      <object_component id="oc-ec">
         <name>.text:_remove</name>
         <load_address>0x8740</load_address>
         <run_address>0x8740</run_address>
         <size>0x20</size>
         <input_file_ref idref="fl-a6"/>
      </object_component>
      <object_component id="oc-1a">
         <name>.stack</name>
         <uninitialized>true</uninitialized>
         <run_address>0x8760</run_address>
         <size>0x8</size>
         <input_file_ref idref="fl-7e"/>
      </object_component>
      <object_component id="oc-109">
         <name>.stack</name>
         <uninitialized>true</uninitialized>
         <run_address>0x8760</run_address>
         <size>0x0</size>
      </object_component>
      <object_component id="oc-1f">
         <name>.far</name>
         <uninitialized>true</uninitialized>
         <run_address>0x93a0</run_address>
         <size>0xc</size>
         <input_file_ref idref="fl-7f"/>
      </object_component>
      <object_component id="oc-27">
         <name>.far</name>
         <uninitialized>true</uninitialized>
         <run_address>0x93ac</run_address>
         <size>0x8</size>
         <input_file_ref idref="fl-81"/>
      </object_component>
      <object_component id="oc-41">
         <name>.far</name>
         <uninitialized>true</uninitialized>
         <run_address>0x8f60</run_address>
         <size>0x324</size>
         <input_file_ref idref="fl-89"/>
      </object_component>
      <object_component id="oc-67">
         <name>.far</name>
         <uninitialized>true</uninitialized>
         <run_address>0x9284</run_address>
         <size>0x11c</size>
         <input_file_ref idref="fl-95"/>
      </object_component>
      <object_component id="oc-7d">
         <name>.far</name>
         <uninitialized>true</uninitialized>
         <run_address>0x93bc</run_address>
         <size>0x8</size>
         <input_file_ref idref="fl-9c"/>
      </object_component>
      <object_component id="oc-95">
         <name>.far</name>
         <uninitialized>true</uninitialized>
         <run_address>0x93c4</run_address>
         <size>0x4</size>
         <input_file_ref idref="fl-a3"/>
      </object_component>
      <object_component id="oc-9a">
         <name>.far</name>
         <uninitialized>true</uninitialized>
         <run_address>0x93b4</run_address>
         <size>0x8</size>
         <input_file_ref idref="fl-a4"/>
      </object_component>
      <object_component id="oc-f">
         <name>.bss</name>
         <uninitialized>true</uninitialized>
         <run_address>0x10aa8</run_address>
         <size>0x10</size>
         <input_file_ref idref="fl-2"/>
      </object_component>
      <object_component id="oc-9b">
         <name>.sysmem</name>
         <uninitialized>true</uninitialized>
         <run_address>0x10000</run_address>
         <size>0x8</size>
         <input_file_ref idref="fl-a4"/>
      </object_component>
      <object_component id="oc-10a">
         <name>.sysmem</name>
         <uninitialized>true</uninitialized>
         <run_address>0x10000</run_address>
         <size>0x0</size>
      </object_component>
      <object_component id="oc-40">
         <name>.cinit</name>
         <load_address>0x93c8</load_address>
         <run_address>0x93c8</run_address>
         <size>0x5c</size>
         <input_file_ref idref="fl-89"/>
      </object_component>
      <object_component id="oc-66">
         <name>.cinit</name>
         <load_address>0x9428</load_address>
         <run_address>0x9428</run_address>
         <size>0x5c</size>
         <input_file_ref idref="fl-95"/>
      </object_component>
      <object_component id="oc-1e">
         <name>.cinit</name>
         <load_address>0x9488</load_address>
         <run_address>0x9488</run_address>
         <size>0x2c</size>
         <input_file_ref idref="fl-7f"/>
      </object_component>
      <object_component id="oc-99">
         <name>.cinit</name>
         <load_address>0x94b8</load_address>
         <run_address>0x94b8</run_address>
         <size>0x2c</size>
         <input_file_ref idref="fl-a4"/>
      </object_component>
      <object_component id="oc-26">
         <name>.cinit</name>
         <load_address>0x94e8</load_address>
         <run_address>0x94e8</run_address>
         <size>0x1c</size>
         <input_file_ref idref="fl-81"/>
      </object_component>
      <object_component id="oc-94">
         <name>.cinit</name>
         <load_address>0x9508</load_address>
         <run_address>0x9508</run_address>
         <size>0xc</size>
         <input_file_ref idref="fl-a3"/>
      </object_component>
      <object_component id="oc-cb">
         <name>.const:.string:__ctypes_</name>
         <load_address>0x10800</load_address>
         <run_address>0x10800</run_address>
         <size>0x101</size>
         <input_file_ref idref="fl-88"/>
      </object_component>
      <object_component id="oc-53">
         <name>.const:.string</name>
         <load_address>0x10901</load_address>
         <run_address>0x10901</run_address>
         <size>0x2</size>
         <input_file_ref idref="fl-8f"/>
      </object_component>
      <object_component id="oc-11">
         <name>.const:.string</name>
         <load_address>0x10904</load_address>
         <run_address>0x10904</run_address>
         <size>0x60</size>
         <input_file_ref idref="fl-2"/>
      </object_component>
      <object_component id="oc-2b">
         <name>.const:.string</name>
         <load_address>0x10964</load_address>
         <run_address>0x10964</run_address>
         <size>0x23</size>
         <input_file_ref idref="fl-82"/>
      </object_component>
      <object_component id="oc-81">
         <name>.cio</name>
         <uninitialized>true</uninitialized>
         <run_address>0x10988</run_address>
         <size>0x120</size>
         <input_file_ref idref="fl-9d"/>
      </object_component>
      <object_component id="oc-10">
         <name>.debug_info</name>
         <load_address>0x0</load_address>
         <run_address>0x0</run_address>
         <size>0x7e8</size>
         <input_file_ref idref="fl-2"/>
      </object_component>
      <object_component id="oc-15">
         <name>.debug_info</name>
         <load_address>0x7e8</load_address>
         <run_address>0x7e8</run_address>
         <size>0xb51</size>
         <input_file_ref idref="fl-3"/>
      </object_component>
      <object_component id="oc-19">
         <name>.debug_info</name>
         <load_address>0x1339</load_address>
         <run_address>0x1339</run_address>
         <size>0x70d</size>
         <input_file_ref idref="fl-7e"/>
      </object_component>
      <object_component id="oc-1d">
         <name>.debug_info</name>
         <load_address>0x1a46</load_address>
         <run_address>0x1a46</run_address>
         <size>0x801</size>
         <input_file_ref idref="fl-7f"/>
      </object_component>
      <object_component id="oc-22">
         <name>.debug_info</name>
         <load_address>0x2247</load_address>
         <run_address>0x2247</run_address>
         <size>0x904</size>
         <input_file_ref idref="fl-80"/>
      </object_component>
      <object_component id="oc-25">
         <name>.debug_info</name>
         <load_address>0x2b4b</load_address>
         <run_address>0x2b4b</run_address>
         <size>0x64e</size>
         <input_file_ref idref="fl-81"/>
      </object_component>
      <object_component id="oc-2a">
         <name>.debug_info</name>
         <load_address>0x3199</load_address>
         <run_address>0x3199</run_address>
         <size>0x2bfa</size>
         <input_file_ref idref="fl-82"/>
      </object_component>
      <object_component id="oc-2e">
         <name>.debug_info</name>
         <load_address>0x5d93</load_address>
         <run_address>0x5d93</run_address>
         <size>0x6e3</size>
         <input_file_ref idref="fl-83"/>
      </object_component>
      <object_component id="oc-31">
         <name>.debug_info</name>
         <load_address>0x6476</load_address>
         <run_address>0x6476</run_address>
         <size>0x724</size>
         <input_file_ref idref="fl-84"/>
      </object_component>
      <object_component id="oc-34">
         <name>.debug_info</name>
         <load_address>0x6b9a</load_address>
         <run_address>0x6b9a</run_address>
         <size>0x873</size>
         <input_file_ref idref="fl-85"/>
      </object_component>
      <object_component id="oc-37">
         <name>.debug_info</name>
         <load_address>0x740d</load_address>
         <run_address>0x740d</run_address>
         <size>0x6eb</size>
         <input_file_ref idref="fl-86"/>
      </object_component>
      <object_component id="oc-3a">
         <name>.debug_info</name>
         <load_address>0x7af8</load_address>
         <run_address>0x7af8</run_address>
         <size>0x7e1</size>
         <input_file_ref idref="fl-87"/>
      </object_component>
      <object_component id="oc-3d">
         <name>.debug_info</name>
         <load_address>0x82d9</load_address>
         <run_address>0x82d9</run_address>
         <size>0x5fc</size>
         <input_file_ref idref="fl-88"/>
      </object_component>
      <object_component id="oc-3f">
         <name>.debug_info</name>
         <load_address>0x88d5</load_address>
         <run_address>0x88d5</run_address>
         <size>0x6e9</size>
         <input_file_ref idref="fl-89"/>
      </object_component>
      <object_component id="oc-43">
         <name>.debug_info</name>
         <load_address>0x8fbe</load_address>
         <run_address>0x8fbe</run_address>
         <size>0x984</size>
         <input_file_ref idref="fl-8a"/>
      </object_component>
      <object_component id="oc-46">
         <name>.debug_info</name>
         <load_address>0x9942</load_address>
         <run_address>0x9942</run_address>
         <size>0xd4</size>
         <input_file_ref idref="fl-8b"/>
      </object_component>
      <object_component id="oc-49">
         <name>.debug_info</name>
         <load_address>0x9a16</load_address>
         <run_address>0x9a16</run_address>
         <size>0x693</size>
         <input_file_ref idref="fl-8c"/>
      </object_component>
      <object_component id="oc-4c">
         <name>.debug_info</name>
         <load_address>0xa0a9</load_address>
         <run_address>0xa0a9</run_address>
         <size>0x6ac</size>
         <input_file_ref idref="fl-8d"/>
      </object_component>
      <object_component id="oc-4f">
         <name>.debug_info</name>
         <load_address>0xa755</load_address>
         <run_address>0xa755</run_address>
         <size>0x82c</size>
         <input_file_ref idref="fl-8e"/>
      </object_component>
      <object_component id="oc-52">
         <name>.debug_info</name>
         <load_address>0xaf81</load_address>
         <run_address>0xaf81</run_address>
         <size>0xb9b</size>
         <input_file_ref idref="fl-8f"/>
      </object_component>
      <object_component id="oc-56">
         <name>.debug_info</name>
         <load_address>0xbb1c</load_address>
         <run_address>0xbb1c</run_address>
         <size>0x6a6</size>
         <input_file_ref idref="fl-90"/>
      </object_component>
      <object_component id="oc-59">
         <name>.debug_info</name>
         <load_address>0xc1c2</load_address>
         <run_address>0xc1c2</run_address>
         <size>0x7bf</size>
         <input_file_ref idref="fl-91"/>
      </object_component>
      <object_component id="oc-5c">
         <name>.debug_info</name>
         <load_address>0xc981</load_address>
         <run_address>0xc981</run_address>
         <size>0x7ba</size>
         <input_file_ref idref="fl-92"/>
      </object_component>
      <object_component id="oc-5f">
         <name>.debug_info</name>
         <load_address>0xd13b</load_address>
         <run_address>0xd13b</run_address>
         <size>0x818</size>
         <input_file_ref idref="fl-93"/>
      </object_component>
      <object_component id="oc-62">
         <name>.debug_info</name>
         <load_address>0xd953</load_address>
         <run_address>0xd953</run_address>
         <size>0x703</size>
         <input_file_ref idref="fl-94"/>
      </object_component>
      <object_component id="oc-65">
         <name>.debug_info</name>
         <load_address>0xe056</load_address>
         <run_address>0xe056</run_address>
         <size>0xf75</size>
         <input_file_ref idref="fl-95"/>
      </object_component>
      <object_component id="oc-6a">
         <name>.debug_info</name>
         <load_address>0xefcb</load_address>
         <run_address>0xefcb</run_address>
         <size>0x74a</size>
         <input_file_ref idref="fl-96"/>
      </object_component>
      <object_component id="oc-6d">
         <name>.debug_info</name>
         <load_address>0xf715</load_address>
         <run_address>0xf715</run_address>
         <size>0x6ee</size>
         <input_file_ref idref="fl-97"/>
      </object_component>
      <object_component id="oc-70">
         <name>.debug_info</name>
         <load_address>0xfe03</load_address>
         <run_address>0xfe03</run_address>
         <size>0x794</size>
         <input_file_ref idref="fl-98"/>
      </object_component>
      <object_component id="oc-73">
         <name>.debug_info</name>
         <load_address>0x10597</load_address>
         <run_address>0x10597</run_address>
         <size>0x732</size>
         <input_file_ref idref="fl-99"/>
      </object_component>
      <object_component id="oc-76">
         <name>.debug_info</name>
         <load_address>0x10cc9</load_address>
         <run_address>0x10cc9</run_address>
         <size>0x6b9</size>
         <input_file_ref idref="fl-9a"/>
      </object_component>
      <object_component id="oc-79">
         <name>.debug_info</name>
         <load_address>0x11382</load_address>
         <run_address>0x11382</run_address>
         <size>0x61a</size>
         <input_file_ref idref="fl-9b"/>
      </object_component>
      <object_component id="oc-7c">
         <name>.debug_info</name>
         <load_address>0x1199c</load_address>
         <run_address>0x1199c</run_address>
         <size>0xf16</size>
         <input_file_ref idref="fl-9c"/>
      </object_component>
      <object_component id="oc-80">
         <name>.debug_info</name>
         <load_address>0x128b2</load_address>
         <run_address>0x128b2</run_address>
         <size>0x8d3</size>
         <input_file_ref idref="fl-9d"/>
      </object_component>
      <object_component id="oc-84">
         <name>.debug_info</name>
         <load_address>0x13185</load_address>
         <run_address>0x13185</run_address>
         <size>0x75c</size>
         <input_file_ref idref="fl-9e"/>
      </object_component>
      <object_component id="oc-87">
         <name>.debug_info</name>
         <load_address>0x138e1</load_address>
         <run_address>0x138e1</run_address>
         <size>0x5ce</size>
         <input_file_ref idref="fl-9f"/>
      </object_component>
      <object_component id="oc-8a">
         <name>.debug_info</name>
         <load_address>0x13eaf</load_address>
         <run_address>0x13eaf</run_address>
         <size>0x783</size>
         <input_file_ref idref="fl-a0"/>
      </object_component>
      <object_component id="oc-8d">
         <name>.debug_info</name>
         <load_address>0x14632</load_address>
         <run_address>0x14632</run_address>
         <size>0x7bb</size>
         <input_file_ref idref="fl-a1"/>
      </object_component>
      <object_component id="oc-90">
         <name>.debug_info</name>
         <load_address>0x14ded</load_address>
         <run_address>0x14ded</run_address>
         <size>0x80e</size>
         <input_file_ref idref="fl-a2"/>
      </object_component>
      <object_component id="oc-93">
         <name>.debug_info</name>
         <load_address>0x155fb</load_address>
         <run_address>0x155fb</run_address>
         <size>0x887</size>
         <input_file_ref idref="fl-a3"/>
      </object_component>
      <object_component id="oc-98">
         <name>.debug_info</name>
         <load_address>0x15e82</load_address>
         <run_address>0x15e82</run_address>
         <size>0xb42</size>
         <input_file_ref idref="fl-a4"/>
      </object_component>
      <object_component id="oc-9e">
         <name>.debug_info</name>
         <load_address>0x169c4</load_address>
         <run_address>0x169c4</run_address>
         <size>0x808</size>
         <input_file_ref idref="fl-a5"/>
      </object_component>
      <object_component id="oc-a1">
         <name>.debug_info</name>
         <load_address>0x171cc</load_address>
         <run_address>0x171cc</run_address>
         <size>0x666</size>
         <input_file_ref idref="fl-a6"/>
      </object_component>
      <object_component id="oc-10b">
         <name>.debug_info</name>
         <load_address>0x17832</load_address>
         <run_address>0x17832</run_address>
         <size>0x6d</size>
      </object_component>
      <object_component id="oc-12">
         <name>.debug_frame</name>
         <load_address>0x0</load_address>
         <run_address>0x0</run_address>
         <size>0x25e</size>
         <input_file_ref idref="fl-2"/>
      </object_component>
      <object_component id="oc-16">
         <name>.debug_frame</name>
         <load_address>0x25e</load_address>
         <run_address>0x25e</run_address>
         <size>0x2cb</size>
         <input_file_ref idref="fl-3"/>
      </object_component>
      <object_component id="oc-13">
         <name>.debug_line</name>
         <load_address>0x0</load_address>
         <run_address>0x0</run_address>
         <size>0x6d</size>
         <input_file_ref idref="fl-2"/>
      </object_component>
      <object_component id="oc-17">
         <name>.debug_line</name>
         <load_address>0x6d</load_address>
         <run_address>0x6d</run_address>
         <size>0x103</size>
         <input_file_ref idref="fl-3"/>
      </object_component>
      <object_component id="oc-1b">
         <name>.debug_line</name>
         <load_address>0x170</load_address>
         <run_address>0x170</run_address>
         <size>0x3d</size>
         <input_file_ref idref="fl-7e"/>
      </object_component>
      <object_component id="oc-20">
         <name>.debug_line</name>
         <load_address>0x1ad</load_address>
         <run_address>0x1ad</run_address>
         <size>0x4f</size>
         <input_file_ref idref="fl-7f"/>
      </object_component>
      <object_component id="oc-23">
         <name>.debug_line</name>
         <load_address>0x1fc</load_address>
         <run_address>0x1fc</run_address>
         <size>0x6a</size>
         <input_file_ref idref="fl-80"/>
      </object_component>
      <object_component id="oc-28">
         <name>.debug_line</name>
         <load_address>0x266</load_address>
         <run_address>0x266</run_address>
         <size>0x36</size>
         <input_file_ref idref="fl-81"/>
      </object_component>
      <object_component id="oc-2c">
         <name>.debug_line</name>
         <load_address>0x29c</load_address>
         <run_address>0x29c</run_address>
         <size>0x349</size>
         <input_file_ref idref="fl-82"/>
      </object_component>
      <object_component id="oc-2f">
         <name>.debug_line</name>
         <load_address>0x5e5</load_address>
         <run_address>0x5e5</run_address>
         <size>0x41</size>
         <input_file_ref idref="fl-83"/>
      </object_component>
      <object_component id="oc-32">
         <name>.debug_line</name>
         <load_address>0x626</load_address>
         <run_address>0x626</run_address>
         <size>0x41</size>
         <input_file_ref idref="fl-84"/>
      </object_component>
      <object_component id="oc-35">
         <name>.debug_line</name>
         <load_address>0x667</load_address>
         <run_address>0x667</run_address>
         <size>0x47</size>
         <input_file_ref idref="fl-85"/>
      </object_component>
      <object_component id="oc-38">
         <name>.debug_line</name>
         <load_address>0x6ae</load_address>
         <run_address>0x6ae</run_address>
         <size>0x45</size>
         <input_file_ref idref="fl-86"/>
      </object_component>
      <object_component id="oc-3b">
         <name>.debug_line</name>
         <load_address>0x6f3</load_address>
         <run_address>0x6f3</run_address>
         <size>0x44</size>
         <input_file_ref idref="fl-87"/>
      </object_component>
      <object_component id="oc-44">
         <name>.debug_line</name>
         <load_address>0x737</load_address>
         <run_address>0x737</run_address>
         <size>0x3c</size>
         <input_file_ref idref="fl-8a"/>
      </object_component>
      <object_component id="oc-47">
         <name>.debug_line</name>
         <load_address>0x773</load_address>
         <run_address>0x773</run_address>
         <size>0x44</size>
         <input_file_ref idref="fl-8b"/>
      </object_component>
      <object_component id="oc-4a">
         <name>.debug_line</name>
         <load_address>0x7b7</load_address>
         <run_address>0x7b7</run_address>
         <size>0x3d</size>
         <input_file_ref idref="fl-8c"/>
      </object_component>
      <object_component id="oc-4d">
         <name>.debug_line</name>
         <load_address>0x7f4</load_address>
         <run_address>0x7f4</run_address>
         <size>0x3d</size>
         <input_file_ref idref="fl-8d"/>
      </object_component>
      <object_component id="oc-50">
         <name>.debug_line</name>
         <load_address>0x831</load_address>
         <run_address>0x831</run_address>
         <size>0x3f</size>
         <input_file_ref idref="fl-8e"/>
      </object_component>
      <object_component id="oc-54">
         <name>.debug_line</name>
         <load_address>0x870</load_address>
         <run_address>0x870</run_address>
         <size>0xac</size>
         <input_file_ref idref="fl-8f"/>
      </object_component>
      <object_component id="oc-57">
         <name>.debug_line</name>
         <load_address>0x91c</load_address>
         <run_address>0x91c</run_address>
         <size>0x3e</size>
         <input_file_ref idref="fl-90"/>
      </object_component>
      <object_component id="oc-5a">
         <name>.debug_line</name>
         <load_address>0x95a</load_address>
         <run_address>0x95a</run_address>
         <size>0x73</size>
         <input_file_ref idref="fl-91"/>
      </object_component>
      <object_component id="oc-5d">
         <name>.debug_line</name>
         <load_address>0x9cd</load_address>
         <run_address>0x9cd</run_address>
         <size>0x5f</size>
         <input_file_ref idref="fl-92"/>
      </object_component>
      <object_component id="oc-60">
         <name>.debug_line</name>
         <load_address>0xa2c</load_address>
         <run_address>0xa2c</run_address>
         <size>0x38</size>
         <input_file_ref idref="fl-93"/>
      </object_component>
      <object_component id="oc-63">
         <name>.debug_line</name>
         <load_address>0xa64</load_address>
         <run_address>0xa64</run_address>
         <size>0x56</size>
         <input_file_ref idref="fl-94"/>
      </object_component>
      <object_component id="oc-68">
         <name>.debug_line</name>
         <load_address>0xaba</load_address>
         <run_address>0xaba</run_address>
         <size>0x10f</size>
         <input_file_ref idref="fl-95"/>
      </object_component>
      <object_component id="oc-6b">
         <name>.debug_line</name>
         <load_address>0xbc9</load_address>
         <run_address>0xbc9</run_address>
         <size>0x40</size>
         <input_file_ref idref="fl-96"/>
      </object_component>
      <object_component id="oc-6e">
         <name>.debug_line</name>
         <load_address>0xc09</load_address>
         <run_address>0xc09</run_address>
         <size>0x3f</size>
         <input_file_ref idref="fl-97"/>
      </object_component>
      <object_component id="oc-71">
         <name>.debug_line</name>
         <load_address>0xc48</load_address>
         <run_address>0xc48</run_address>
         <size>0x4e</size>
         <input_file_ref idref="fl-98"/>
      </object_component>
      <object_component id="oc-74">
         <name>.debug_line</name>
         <load_address>0xc96</load_address>
         <run_address>0xc96</run_address>
         <size>0x47</size>
         <input_file_ref idref="fl-99"/>
      </object_component>
      <object_component id="oc-77">
         <name>.debug_line</name>
         <load_address>0xcdd</load_address>
         <run_address>0xcdd</run_address>
         <size>0x3d</size>
         <input_file_ref idref="fl-9a"/>
      </object_component>
      <object_component id="oc-7a">
         <name>.debug_line</name>
         <load_address>0xd1a</load_address>
         <run_address>0xd1a</run_address>
         <size>0x37</size>
         <input_file_ref idref="fl-9b"/>
      </object_component>
      <object_component id="oc-7e">
         <name>.debug_line</name>
         <load_address>0xd51</load_address>
         <run_address>0xd51</run_address>
         <size>0x13c</size>
         <input_file_ref idref="fl-9c"/>
      </object_component>
      <object_component id="oc-82">
         <name>.debug_line</name>
         <load_address>0xe8d</load_address>
         <run_address>0xe8d</run_address>
         <size>0x64</size>
         <input_file_ref idref="fl-9d"/>
      </object_component>
      <object_component id="oc-85">
         <name>.debug_line</name>
         <load_address>0xef1</load_address>
         <run_address>0xef1</run_address>
         <size>0x40</size>
         <input_file_ref idref="fl-9e"/>
      </object_component>
      <object_component id="oc-88">
         <name>.debug_line</name>
         <load_address>0xf31</load_address>
         <run_address>0xf31</run_address>
         <size>0x23</size>
         <input_file_ref idref="fl-9f"/>
      </object_component>
      <object_component id="oc-8b">
         <name>.debug_line</name>
         <load_address>0xf54</load_address>
         <run_address>0xf54</run_address>
         <size>0x3e</size>
         <input_file_ref idref="fl-a0"/>
      </object_component>
      <object_component id="oc-8e">
         <name>.debug_line</name>
         <load_address>0xf92</load_address>
         <run_address>0xf92</run_address>
         <size>0x3c</size>
         <input_file_ref idref="fl-a1"/>
      </object_component>
      <object_component id="oc-91">
         <name>.debug_line</name>
         <load_address>0xfce</load_address>
         <run_address>0xfce</run_address>
         <size>0x40</size>
         <input_file_ref idref="fl-a2"/>
      </object_component>
      <object_component id="oc-96">
         <name>.debug_line</name>
         <load_address>0x100e</load_address>
         <run_address>0x100e</run_address>
         <size>0x42</size>
         <input_file_ref idref="fl-a3"/>
      </object_component>
      <object_component id="oc-9c">
         <name>.debug_line</name>
         <load_address>0x1050</load_address>
         <run_address>0x1050</run_address>
         <size>0xa7</size>
         <input_file_ref idref="fl-a4"/>
      </object_component>
      <object_component id="oc-9f">
         <name>.debug_line</name>
         <load_address>0x10f7</load_address>
         <run_address>0x10f7</run_address>
         <size>0x3e</size>
         <input_file_ref idref="fl-a5"/>
      </object_component>
      <object_component id="oc-a2">
         <name>.debug_line</name>
         <load_address>0x1135</load_address>
         <run_address>0x1135</run_address>
         <size>0x39</size>
         <input_file_ref idref="fl-a6"/>
      </object_component>
      <object_component id="oc-14">
         <name>.debug_abbrev</name>
         <load_address>0x0</load_address>
         <run_address>0x0</run_address>
         <size>0x107</size>
         <input_file_ref idref="fl-2"/>
      </object_component>
      <object_component id="oc-18">
         <name>.debug_abbrev</name>
         <load_address>0x107</load_address>
         <run_address>0x107</run_address>
         <size>0x10b</size>
         <input_file_ref idref="fl-3"/>
      </object_component>
      <object_component id="oc-1c">
         <name>.debug_abbrev</name>
         <load_address>0x212</load_address>
         <run_address>0x212</run_address>
         <size>0xfe</size>
         <input_file_ref idref="fl-7e"/>
      </object_component>
      <object_component id="oc-21">
         <name>.debug_abbrev</name>
         <load_address>0x310</load_address>
         <run_address>0x310</run_address>
         <size>0x119</size>
         <input_file_ref idref="fl-7f"/>
      </object_component>
      <object_component id="oc-24">
         <name>.debug_abbrev</name>
         <load_address>0x429</load_address>
         <run_address>0x429</run_address>
         <size>0x161</size>
         <input_file_ref idref="fl-80"/>
      </object_component>
      <object_component id="oc-29">
         <name>.debug_abbrev</name>
         <load_address>0x58a</load_address>
         <run_address>0x58a</run_address>
         <size>0x9f</size>
         <input_file_ref idref="fl-81"/>
      </object_component>
      <object_component id="oc-2d">
         <name>.debug_abbrev</name>
         <load_address>0x629</load_address>
         <run_address>0x629</run_address>
         <size>0x1d1</size>
         <input_file_ref idref="fl-82"/>
      </object_component>
      <object_component id="oc-30">
         <name>.debug_abbrev</name>
         <load_address>0x7fa</load_address>
         <run_address>0x7fa</run_address>
         <size>0xe1</size>
         <input_file_ref idref="fl-83"/>
      </object_component>
      <object_component id="oc-33">
         <name>.debug_abbrev</name>
         <load_address>0x8db</load_address>
         <run_address>0x8db</run_address>
         <size>0xcc</size>
         <input_file_ref idref="fl-84"/>
      </object_component>
      <object_component id="oc-36">
         <name>.debug_abbrev</name>
         <load_address>0x9a7</load_address>
         <run_address>0x9a7</run_address>
         <size>0x13f</size>
         <input_file_ref idref="fl-85"/>
      </object_component>
      <object_component id="oc-39">
         <name>.debug_abbrev</name>
         <load_address>0xae6</load_address>
         <run_address>0xae6</run_address>
         <size>0xdd</size>
         <input_file_ref idref="fl-86"/>
      </object_component>
      <object_component id="oc-3c">
         <name>.debug_abbrev</name>
         <load_address>0xbc3</load_address>
         <run_address>0xbc3</run_address>
         <size>0x10c</size>
         <input_file_ref idref="fl-87"/>
      </object_component>
      <object_component id="oc-3e">
         <name>.debug_abbrev</name>
         <load_address>0xccf</load_address>
         <run_address>0xccf</run_address>
         <size>0x5f</size>
         <input_file_ref idref="fl-88"/>
      </object_component>
      <object_component id="oc-42">
         <name>.debug_abbrev</name>
         <load_address>0xd2e</load_address>
         <run_address>0xd2e</run_address>
         <size>0x8e</size>
         <input_file_ref idref="fl-89"/>
      </object_component>
      <object_component id="oc-45">
         <name>.debug_abbrev</name>
         <load_address>0xdbc</load_address>
         <run_address>0xdbc</run_address>
         <size>0xf5</size>
         <input_file_ref idref="fl-8a"/>
      </object_component>
      <object_component id="oc-48">
         <name>.debug_abbrev</name>
         <load_address>0xeb1</load_address>
         <run_address>0xeb1</run_address>
         <size>0x3a</size>
         <input_file_ref idref="fl-8b"/>
      </object_component>
      <object_component id="oc-4b">
         <name>.debug_abbrev</name>
         <load_address>0xeeb</load_address>
         <run_address>0xeeb</run_address>
         <size>0xac</size>
         <input_file_ref idref="fl-8c"/>
      </object_component>
      <object_component id="oc-4e">
         <name>.debug_abbrev</name>
         <load_address>0xf97</load_address>
         <run_address>0xf97</run_address>
         <size>0xc3</size>
         <input_file_ref idref="fl-8d"/>
      </object_component>
      <object_component id="oc-51">
         <name>.debug_abbrev</name>
         <load_address>0x105a</load_address>
         <run_address>0x105a</run_address>
         <size>0x11f</size>
         <input_file_ref idref="fl-8e"/>
      </object_component>
      <object_component id="oc-55">
         <name>.debug_abbrev</name>
         <load_address>0x1179</load_address>
         <run_address>0x1179</run_address>
         <size>0x14b</size>
         <input_file_ref idref="fl-8f"/>
      </object_component>
      <object_component id="oc-58">
         <name>.debug_abbrev</name>
         <load_address>0x12c4</load_address>
         <run_address>0x12c4</run_address>
         <size>0x9a</size>
         <input_file_ref idref="fl-90"/>
      </object_component>
      <object_component id="oc-5b">
         <name>.debug_abbrev</name>
         <load_address>0x135e</load_address>
         <run_address>0x135e</run_address>
         <size>0xc3</size>
         <input_file_ref idref="fl-91"/>
      </object_component>
      <object_component id="oc-5e">
         <name>.debug_abbrev</name>
         <load_address>0x1421</load_address>
         <run_address>0x1421</run_address>
         <size>0xc3</size>
         <input_file_ref idref="fl-92"/>
      </object_component>
      <object_component id="oc-61">
         <name>.debug_abbrev</name>
         <load_address>0x14e4</load_address>
         <run_address>0x14e4</run_address>
         <size>0xd0</size>
         <input_file_ref idref="fl-93"/>
      </object_component>
      <object_component id="oc-64">
         <name>.debug_abbrev</name>
         <load_address>0x15b4</load_address>
         <run_address>0x15b4</run_address>
         <size>0xa3</size>
         <input_file_ref idref="fl-94"/>
      </object_component>
      <object_component id="oc-69">
         <name>.debug_abbrev</name>
         <load_address>0x1657</load_address>
         <run_address>0x1657</run_address>
         <size>0x215</size>
         <input_file_ref idref="fl-95"/>
      </object_component>
      <object_component id="oc-6c">
         <name>.debug_abbrev</name>
         <load_address>0x186c</load_address>
         <run_address>0x186c</run_address>
         <size>0xe3</size>
         <input_file_ref idref="fl-96"/>
      </object_component>
      <object_component id="oc-6f">
         <name>.debug_abbrev</name>
         <load_address>0x194f</load_address>
         <run_address>0x194f</run_address>
         <size>0xae</size>
         <input_file_ref idref="fl-97"/>
      </object_component>
      <object_component id="oc-72">
         <name>.debug_abbrev</name>
         <load_address>0x19fd</load_address>
         <run_address>0x19fd</run_address>
         <size>0xd5</size>
         <input_file_ref idref="fl-98"/>
      </object_component>
      <object_component id="oc-75">
         <name>.debug_abbrev</name>
         <load_address>0x1ad2</load_address>
         <run_address>0x1ad2</run_address>
         <size>0xd0</size>
         <input_file_ref idref="fl-99"/>
      </object_component>
      <object_component id="oc-78">
         <name>.debug_abbrev</name>
         <load_address>0x1ba2</load_address>
         <run_address>0x1ba2</run_address>
         <size>0xa3</size>
         <input_file_ref idref="fl-9a"/>
      </object_component>
      <object_component id="oc-7b">
         <name>.debug_abbrev</name>
         <load_address>0x1c45</load_address>
         <run_address>0x1c45</run_address>
         <size>0x71</size>
         <input_file_ref idref="fl-9b"/>
      </object_component>
      <object_component id="oc-7f">
         <name>.debug_abbrev</name>
         <load_address>0x1cb6</load_address>
         <run_address>0x1cb6</run_address>
         <size>0x180</size>
         <input_file_ref idref="fl-9c"/>
      </object_component>
      <object_component id="oc-83">
         <name>.debug_abbrev</name>
         <load_address>0x1e36</load_address>
         <run_address>0x1e36</run_address>
         <size>0xd5</size>
         <input_file_ref idref="fl-9d"/>
      </object_component>
      <object_component id="oc-86">
         <name>.debug_abbrev</name>
         <load_address>0x1f0b</load_address>
         <run_address>0x1f0b</run_address>
         <size>0xd1</size>
         <input_file_ref idref="fl-9e"/>
      </object_component>
      <object_component id="oc-89">
         <name>.debug_abbrev</name>
         <load_address>0x1fdc</load_address>
         <run_address>0x1fdc</run_address>
         <size>0x90</size>
         <input_file_ref idref="fl-9f"/>
      </object_component>
      <object_component id="oc-8c">
         <name>.debug_abbrev</name>
         <load_address>0x206c</load_address>
         <run_address>0x206c</run_address>
         <size>0x12d</size>
         <input_file_ref idref="fl-a0"/>
      </object_component>
      <object_component id="oc-8f">
         <name>.debug_abbrev</name>
         <load_address>0x2199</load_address>
         <run_address>0x2199</run_address>
         <size>0xf7</size>
         <input_file_ref idref="fl-a1"/>
      </object_component>
      <object_component id="oc-92">
         <name>.debug_abbrev</name>
         <load_address>0x2290</load_address>
         <run_address>0x2290</run_address>
         <size>0x11a</size>
         <input_file_ref idref="fl-a2"/>
      </object_component>
      <object_component id="oc-97">
         <name>.debug_abbrev</name>
         <load_address>0x23aa</load_address>
         <run_address>0x23aa</run_address>
         <size>0x1cd</size>
         <input_file_ref idref="fl-a3"/>
      </object_component>
      <object_component id="oc-9d">
         <name>.debug_abbrev</name>
         <load_address>0x2577</load_address>
         <run_address>0x2577</run_address>
         <size>0x1f8</size>
         <input_file_ref idref="fl-a4"/>
      </object_component>
      <object_component id="oc-a0">
         <name>.debug_abbrev</name>
         <load_address>0x276f</load_address>
         <run_address>0x276f</run_address>
         <size>0x130</size>
         <input_file_ref idref="fl-a5"/>
      </object_component>
      <object_component id="oc-a3">
         <name>.debug_abbrev</name>
         <load_address>0x289f</load_address>
         <run_address>0x289f</run_address>
         <size>0xab</size>
         <input_file_ref idref="fl-a6"/>
      </object_component>
      <object_component id="oc-10c">
         <name>.debug_abbrev</name>
         <load_address>0x294a</load_address>
         <run_address>0x294a</run_address>
         <size>0xd</size>
      </object_component>
   </object_component_list>
   <logical_group_list>
      <logical_group id="lg-2">
         <name>.text</name>
         <load_address>0x0</load_address>
         <run_address>0x0</run_address>
         <size>0x8760</size>
         <contents>
            <object_component_ref idref="oc-dd"/>
            <object_component_ref idref="oc-b6"/>
            <object_component_ref idref="oc-d1"/>
            <object_component_ref idref="oc-bf"/>
            <object_component_ref idref="oc-ba"/>
            <object_component_ref idref="oc-bb"/>
            <object_component_ref idref="oc-db"/>
            <object_component_ref idref="oc-c6"/>
            <object_component_ref idref="oc-d8"/>
            <object_component_ref idref="oc-ea"/>
            <object_component_ref idref="oc-d5"/>
            <object_component_ref idref="oc-d0"/>
            <object_component_ref idref="oc-be"/>
            <object_component_ref idref="oc-c7"/>
            <object_component_ref idref="oc-ce"/>
            <object_component_ref idref="oc-c0"/>
            <object_component_ref idref="oc-bc"/>
            <object_component_ref idref="oc-ca"/>
            <object_component_ref idref="oc-e9"/>
            <object_component_ref idref="oc-da"/>
            <object_component_ref idref="oc-d6"/>
            <object_component_ref idref="oc-b0"/>
            <object_component_ref idref="oc-ae"/>
            <object_component_ref idref="oc-f2"/>
            <object_component_ref idref="oc-b2"/>
            <object_component_ref idref="oc-c9"/>
            <object_component_ref idref="oc-d3"/>
            <object_component_ref idref="oc-bd"/>
            <object_component_ref idref="oc-ac"/>
            <object_component_ref idref="oc-e2"/>
            <object_component_ref idref="oc-aa"/>
            <object_component_ref idref="oc-e7"/>
            <object_component_ref idref="oc-c5"/>
            <object_component_ref idref="oc-a8"/>
            <object_component_ref idref="oc-ab"/>
            <object_component_ref idref="oc-c1"/>
            <object_component_ref idref="oc-eb"/>
            <object_component_ref idref="oc-e4"/>
            <object_component_ref idref="oc-c4"/>
            <object_component_ref idref="oc-a9"/>
            <object_component_ref idref="oc-ad"/>
            <object_component_ref idref="oc-a4"/>
            <object_component_ref idref="oc-de"/>
            <object_component_ref idref="oc-ee"/>
            <object_component_ref idref="oc-cf"/>
            <object_component_ref idref="oc-d4"/>
            <object_component_ref idref="oc-b7"/>
            <object_component_ref idref="oc-c3"/>
            <object_component_ref idref="oc-d7"/>
            <object_component_ref idref="oc-c2"/>
            <object_component_ref idref="oc-d9"/>
            <object_component_ref idref="oc-dc"/>
            <object_component_ref idref="oc-a6"/>
            <object_component_ref idref="oc-e1"/>
            <object_component_ref idref="oc-e0"/>
            <object_component_ref idref="oc-e8"/>
            <object_component_ref idref="oc-af"/>
            <object_component_ref idref="oc-f3"/>
            <object_component_ref idref="oc-e3"/>
            <object_component_ref idref="oc-df"/>
            <object_component_ref idref="oc-ed"/>
            <object_component_ref idref="oc-b5"/>
            <object_component_ref idref="oc-f1"/>
            <object_component_ref idref="oc-b4"/>
            <object_component_ref idref="oc-b1"/>
            <object_component_ref idref="oc-e5"/>
            <object_component_ref idref="oc-ef"/>
            <object_component_ref idref="oc-e"/>
            <object_component_ref idref="oc-c8"/>
            <object_component_ref idref="oc-cd"/>
            <object_component_ref idref="oc-e6"/>
            <object_component_ref idref="oc-f0"/>
            <object_component_ref idref="oc-cc"/>
            <object_component_ref idref="oc-a5"/>
            <object_component_ref idref="oc-d2"/>
            <object_component_ref idref="oc-a7"/>
            <object_component_ref idref="oc-b9"/>
            <object_component_ref idref="oc-b8"/>
            <object_component_ref idref="oc-b3"/>
            <object_component_ref idref="oc-ec"/>
         </contents>
      </logical_group>
      <logical_group id="lg-3">
         <name>.csldata</name>
         <run_address>0x0</run_address>
         <size>0x0</size>
         <contents>
         </contents>
      </logical_group>
      <logical_group id="lg-4">
         <name>.stack</name>
         <run_address>0x8760</run_address>
         <size>0x800</size>
         <contents>
            <object_component_ref idref="oc-1a"/>
            <object_component_ref idref="oc-109"/>
         </contents>
      </logical_group>
      <logical_group id="lg-5">
         <name>.far</name>
         <run_address>0x8f60</run_address>
         <size>0x468</size>
         <contents>
            <object_component_ref idref="oc-1f"/>
            <object_component_ref idref="oc-27"/>
            <object_component_ref idref="oc-41"/>
            <object_component_ref idref="oc-67"/>
            <object_component_ref idref="oc-7d"/>
            <object_component_ref idref="oc-95"/>
            <object_component_ref idref="oc-9a"/>
         </contents>
      </logical_group>
      <logical_group id="lg-6">
         <name>.switch</name>
         <run_address>0x0</run_address>
         <size>0x0</size>
         <contents>
         </contents>
      </logical_group>
      <logical_group id="lg-7">
         <name>.tables</name>
         <run_address>0x0</run_address>
         <size>0x0</size>
         <contents>
         </contents>
      </logical_group>
      <logical_group id="lg-8">
         <name>.data</name>
         <run_address>0x10000</run_address>
         <size>0x0</size>
         <contents>
         </contents>
      </logical_group>
      <logical_group id="lg-9">
         <name>.bss</name>
         <run_address>0x10aa8</run_address>
         <size>0x10</size>
         <contents>
            <object_component_ref idref="oc-f"/>
         </contents>
      </logical_group>
      <logical_group id="lg-a">
         <name>.sysmem</name>
         <run_address>0x10000</run_address>
         <size>0x800</size>
         <contents>
            <object_component_ref idref="oc-9b"/>
            <object_component_ref idref="oc-10a"/>
         </contents>
      </logical_group>
      <logical_group id="lg-b">
         <name>.cinit</name>
         <load_address>0x93c8</load_address>
         <run_address>0x93c8</run_address>
         <size>0x154</size>
         <contents>
            <object_component_ref idref="oc-40"/>
            <object_component_ref idref="oc-66"/>
            <object_component_ref idref="oc-1e"/>
            <object_component_ref idref="oc-99"/>
            <object_component_ref idref="oc-26"/>
            <object_component_ref idref="oc-94"/>
         </contents>
      </logical_group>
      <logical_group id="lg-c">
         <name>.const</name>
         <load_address>0x10800</load_address>
         <run_address>0x10800</run_address>
         <size>0x187</size>
         <contents>
            <object_component_ref idref="oc-cb"/>
            <object_component_ref idref="oc-53"/>
            <object_component_ref idref="oc-11"/>
            <object_component_ref idref="oc-2b"/>
         </contents>
      </logical_group>
      <logical_group id="lg-d">
         <name>.cio</name>
         <run_address>0x10988</run_address>
         <size>0x120</size>
         <contents>
            <object_component_ref idref="oc-81"/>
         </contents>
      </logical_group>
      <logical_group id="lg-100">
         <name>.debug_info</name>
         <load_address>0x0</load_address>
         <run_address>0x0</run_address>
         <size>0x1789f</size>
         <contents>
            <object_component_ref idref="oc-10"/>
            <object_component_ref idref="oc-15"/>
            <object_component_ref idref="oc-19"/>
            <object_component_ref idref="oc-1d"/>
            <object_component_ref idref="oc-22"/>
            <object_component_ref idref="oc-25"/>
            <object_component_ref idref="oc-2a"/>
            <object_component_ref idref="oc-2e"/>
            <object_component_ref idref="oc-31"/>
            <object_component_ref idref="oc-34"/>
            <object_component_ref idref="oc-37"/>
            <object_component_ref idref="oc-3a"/>
            <object_component_ref idref="oc-3d"/>
            <object_component_ref idref="oc-3f"/>
            <object_component_ref idref="oc-43"/>
            <object_component_ref idref="oc-46"/>
            <object_component_ref idref="oc-49"/>
            <object_component_ref idref="oc-4c"/>
            <object_component_ref idref="oc-4f"/>
            <object_component_ref idref="oc-52"/>
            <object_component_ref idref="oc-56"/>
            <object_component_ref idref="oc-59"/>
            <object_component_ref idref="oc-5c"/>
            <object_component_ref idref="oc-5f"/>
            <object_component_ref idref="oc-62"/>
            <object_component_ref idref="oc-65"/>
            <object_component_ref idref="oc-6a"/>
            <object_component_ref idref="oc-6d"/>
            <object_component_ref idref="oc-70"/>
            <object_component_ref idref="oc-73"/>
            <object_component_ref idref="oc-76"/>
            <object_component_ref idref="oc-79"/>
            <object_component_ref idref="oc-7c"/>
            <object_component_ref idref="oc-80"/>
            <object_component_ref idref="oc-84"/>
            <object_component_ref idref="oc-87"/>
            <object_component_ref idref="oc-8a"/>
            <object_component_ref idref="oc-8d"/>
            <object_component_ref idref="oc-90"/>
            <object_component_ref idref="oc-93"/>
            <object_component_ref idref="oc-98"/>
            <object_component_ref idref="oc-9e"/>
            <object_component_ref idref="oc-a1"/>
            <object_component_ref idref="oc-10b"/>
         </contents>
      </logical_group>
      <logical_group id="lg-102">
         <name>.debug_frame</name>
         <load_address>0x0</load_address>
         <run_address>0x0</run_address>
         <size>0x529</size>
         <contents>
            <object_component_ref idref="oc-12"/>
            <object_component_ref idref="oc-16"/>
         </contents>
      </logical_group>
      <logical_group id="lg-104">
         <name>.debug_line</name>
         <load_address>0x0</load_address>
         <run_address>0x0</run_address>
         <size>0x116e</size>
         <contents>
            <object_component_ref idref="oc-13"/>
            <object_component_ref idref="oc-17"/>
            <object_component_ref idref="oc-1b"/>
            <object_component_ref idref="oc-20"/>
            <object_component_ref idref="oc-23"/>
            <object_component_ref idref="oc-28"/>
            <object_component_ref idref="oc-2c"/>
            <object_component_ref idref="oc-2f"/>
            <object_component_ref idref="oc-32"/>
            <object_component_ref idref="oc-35"/>
            <object_component_ref idref="oc-38"/>
            <object_component_ref idref="oc-3b"/>
            <object_component_ref idref="oc-44"/>
            <object_component_ref idref="oc-47"/>
            <object_component_ref idref="oc-4a"/>
            <object_component_ref idref="oc-4d"/>
[...]
            <object_component_ref idref="oc-33"/>
            <object_component_ref idref="oc-36"/>
            <object_component_ref idref="oc-39"/>
            <object_component_ref idref="oc-3c"/>
            <object_component_ref idref="oc-3e"/>
            <object_component_ref idref="oc-42"/>
            <object_component_ref idref="oc-45"/>
            <object_component_ref idref="oc-48"/>
            <object_component_ref idref="oc-4b"/>
            <object_component_ref idref="oc-4e"/>
            <object_component_ref idref="oc-51"/>
            <object_component_ref idref="oc-55"/>
            <object_component_ref idref="oc-58"/>
            <object_component_ref idref="oc-5b"/>
            <object_component_ref idref="oc-5e"/>
            <object_component_ref idref="oc-61"/>
            <object_component_ref idref="oc-64"/>
            <object_component_ref idref="oc-69"/>
            <object_component_ref idref="oc-6c"/>
            <object_component_ref idref="oc-6f"/>
            <object_component_ref idref="oc-72"/>
            <object_component_ref idref="oc-75"/>
            <object_component_ref idref="oc-78"/>
            <object_component_ref idref="oc-7b"/>
            <object_component_ref idref="oc-7f"/>
            <object_component_ref idref="oc-83"/>
            <object_component_ref idref="oc-86"/>
            <object_component_ref idref="oc-89"/>
            <object_component_ref idref="oc-8c"/>
            <object_component_ref idref="oc-8f"/>
            <object_component_ref idref="oc-92"/>
            <object_component_ref idref="oc-97"/>
            <object_component_ref idref="oc-9d"/>
            <object_component_ref idref="oc-a0"/>
            <object_component_ref idref="oc-a3"/>
            <object_component_ref idref="oc-10c"/>
         </contents>
      </logical_group>
   </logical_group_list>
   <placement_map>
      <memory_area>
         <name>PMEM</name>
         <page_id>0x0</page_id>
         <origin>0x0</origin>
         <length>0x10000</length>
         <used_space>0x951c</used_space>
         <unused_space>0x6ae4</unused_space>
         <attributes>RWIX</attributes>
         <usage_details>
            <allocated_space>
               <start_address>0x0</start_address>
               <size>0x8760</size>
               <logical_group_ref idref="lg-2"/>
            </allocated_space>
            <allocated_space>
               <start_address>0x8760</start_address>
               <size>0x800</size>
               <logical_group_ref idref="lg-4"/>
            </allocated_space>
            <allocated_space>
               <start_address>0x8f60</start_address>
               <size>0x468</size>
               <logical_group_ref idref="lg-5"/>
            </allocated_space>
            <allocated_space>
               <start_address>0x93c8</start_address>
               <size>0x154</size>
               <logical_group_ref idref="lg-b"/>
            </allocated_space>
            <available_space>
               <start_address>0x951c</start_address>
               <size>0x6ae4</size>
            </available_space>
         </usage_details>
      </memory_area>
      <memory_area>
         <name>BMEM</name>
         <page_id>0x0</page_id>
         <origin>0x10000</origin>
         <length>0x30000</length>
         <used_space>0xab7</used_space>
         <unused_space>0x2f549</unused_space>
         <attributes>RWIX</attributes>
         <usage_details>
            <allocated_space>
               <start_address>0x10000</start_address>
               <size>0x0</size>
               <logical_group_ref idref="lg-8"/>
            </allocated_space>
            <allocated_space>
               <start_address>0x10000</start_address>
               <size>0x800</size>
               <logical_group_ref idref="lg-a"/>
            </allocated_space>
            <allocated_space>
               <start_address>0x10800</start_address>
               <size>0x187</size>
               <logical_group_ref idref="lg-c"/>
            </allocated_space>
            <available_space>
               <start_address>0x10987</start_address>
               <size>0x1</size>
            </available_space>
            <allocated_space>
               <start_address>0x10988</start_address>
               <size>0x120</size>
               <logical_group_ref idref="lg-d"/>
            </allocated_space>
            <allocated_space>
               <start_address>0x10aa8</start_address>
               <size>0x10</size>
               <logical_group_ref idref="lg-9"/>
            </allocated_space>
            <available_space>
               <start_address>0x10ab8</start_address>
               <size>0x2f548</size>
            </available_space>
         </usage_details>
      </memory_area>
      <memory_area>
         <name>SDRAM</name>
         <page_id>0x0</page_id>
         <origin>0x80000000</origin>
         <length>0x1000000</length>
         <used_space>0x0</used_space>
         <unused_space>0x1000000</unused_space>
         <attributes>RWIX</attributes>
         <usage_details>
         </usage_details>
      </memory_area>
   </placement_map>
   <symbol_table>
      <symbol id="sm-0">
         <name>cinit</name>
         <value>0x93c8</value>
      </symbol>
      <symbol id="sm-1">
         <name>___cinit__</name>
         <value>0x93c8</value>
      </symbol>
      <symbol id="sm-2">
         <name>pinit</name>
         <value>0xffffffff</value>
      </symbol>
      <symbol id="sm-3">
         <name>___pinit__</name>
         <value>0xffffffff</value>
      </symbol>
      <symbol id="sm-4">
         <name>binit</name>
         <value>0xffffffff</value>
      </symbol>
      <symbol id="sm-5">
         <name>___binit__</name>
         <value>0xffffffff</value>
      </symbol>
      <symbol id="sm-6">
         <name>__STACK_SIZE</name>
         <value>0x800</value>
      </symbol>
      <symbol id="sm-7">
         <name>__STACK_END</name>
         <value>0x8f60</value>
      </symbol>
      <symbol id="sm-8">
         <name>__SYSMEM_SIZE</name>
         <value>0x800</value>
      </symbol>
      <symbol id="sm-9">
         <name>___c_args__</name>
         <value>0xffffffff</value>
      </symbol>
      <symbol id="sm-a">
         <name>.text</name>
         <value>0x0</value>
      </symbol>
      <symbol id="sm-b">
         <name>___text__</name>
         <value>0x0</value>
      </symbol>
      <symbol id="sm-c">
         <name>etext</name>
         <value>0x8760</value>
      </symbol>
      <symbol id="sm-d">
         <name>___etext__</name>
         <value>0x8760</value>
      </symbol>
      <symbol id="sm-e">
         <name>.data</name>
         <value>0x10000</value>
      </symbol>
      <symbol id="sm-f">
         <name>___data__</name>
         <value>0x10000</value>
      </symbol>
      <symbol id="sm-10">
         <name>edata</name>
         <value>0x10000</value>
      </symbol>
      <symbol id="sm-11">
         <name>___edata__</name>
         <value>0x10000</value>
      </symbol>
      <symbol id="sm-12">
         <name>.bss</name>
         <value>0x10aa8</value>
      </symbol>
      <symbol id="sm-13">
         <name>___bss__</name>
         <value>0x10aa8</value>
      </symbol>
      <symbol id="sm-14">
         <name>end</name>
         <value>0x10ab8</value>
      </symbol>
      <symbol id="sm-15">
         <name>___end__</name>
         <value>0x10ab8</value>
      </symbol>
      <symbol id="sm-16">
         <name>___TI_pprof_out_hndl</name>
         <value>0xffffffff</value>
      </symbol>
      <symbol id="sm-17">
         <name>___TI_prof_data_start</name>
         <value>0xffffffff</value>
      </symbol>
      <symbol id="sm-18">
         <name>___TI_prof_data_size</name>
         <value>0xffffffff</value>
      </symbol>
      <symbol id="sm-19">
         <name>$bss</name>
         <value>0x10aa8</value>
      </symbol>
      <symbol id="sm-5e">
         <name>_main</name>
         <value>0x5940</value>
         <object_component_ref idref="oc-b2"/>
      </symbol>
      <symbol id="sm-5f">
         <name>_Src_StartAdd</name>
         <value>0x10aa8</value>
         <object_component_ref idref="oc-f"/>
      </symbol>
      <symbol id="sm-60">
         <name>_TempData</name>
         <value>0x10ab0</value>
         <object_component_ref idref="oc-f"/>
      </symbol>
      <symbol id="sm-7c">
         <name>_Delay</name>
         <value>0x720</value>
         <object_component_ref idref="oc-b6"/>
      </symbol>
      <symbol id="sm-7d">
         <name>_DEC6713_cpld_rset</name>
         <value>0xd10</value>
         <object_component_ref idref="oc-b6"/>
      </symbol>
      <symbol id="sm-7e">
         <name>_DEC6713_wait</name>
         <value>0xd50</value>
         <object_component_ref idref="oc-b6"/>
      </symbol>
      <symbol id="sm-7f">
         <name>_DEC6713_Init</name>
         <value>0x788</value>
         <object_component_ref idref="oc-b6"/>
      </symbol>
      <symbol id="sm-80">
         <name>_DEC6713_cpld_rget</name>
         <value>0xcd4</value>
         <object_component_ref idref="oc-b6"/>
      </symbol>
      <symbol id="sm-8c">
         <name>_c_int00</name>
         <value>0x8400</value>
         <object_component_ref idref="oc-e"/>
      </symbol>
      <symbol id="sm-8d">
         <name>__stack</name>
         <value>0x8760</value>
         <object_component_ref idref="oc-1a"/>
      </symbol>
      <symbol id="sm-9d">
         <name>C$$EXIT</name>
         <value>0x8720</value>
         <object_component_ref idref="oc-b3"/>
      </symbol>
      <symbol id="sm-9e">
         <name>_exit</name>
         <value>0x79e0</value>
         <object_component_ref idref="oc-a6"/>
      </symbol>
      <symbol id="sm-9f">
         <name>___TI_enable_exit_profile_output</name>
         <value>0x93a8</value>
         <object_component_ref idref="oc-1f"/>
      </symbol>
      <symbol id="sm-a0">
         <name>_abort</name>
         <value>0x8720</value>
         <object_component_ref idref="oc-b3"/>
      </symbol>
      <symbol id="sm-a1">
         <name>__cleanup_ptr</name>
         <value>0x93a0</value>
         <object_component_ref idref="oc-1f"/>
      </symbol>
      <symbol id="sm-a2">
         <name>__dtors_ptr</name>
         <value>0x93a4</value>
         <object_component_ref idref="oc-1f"/>
      </symbol>
      <symbol id="sm-b0">
         <name>_printf</name>
         <value>0x7460</value>
         <object_component_ref idref="oc-b7"/>
      </symbol>
      <symbol id="sm-be">
         <name>__unlock</name>
         <value>0x93b0</value>
         <object_component_ref idref="oc-27"/>
      </symbol>
      <symbol id="sm-bf">
         <name>__lock</name>
         <value>0x93ac</value>
         <object_component_ref idref="oc-27"/>
      </symbol>
      <symbol id="sm-c0">
         <name>__nop</name>
         <value>0x86c0</value>
         <object_component_ref idref="oc-a7"/>
      </symbol>
      <symbol id="sm-f0">
         <name>__printfi</name>
         <value>0x1a60</value>
         <object_component_ref idref="oc-ba"/>
      </symbol>
      <symbol id="sm-fa">
         <name>__args_main</name>
         <value>0x8660</value>
         <object_component_ref idref="oc-a5"/>
      </symbol>
      <symbol id="sm-fb">
         <name>__TI_args_main</name>
         <value>0x1</value>
      </symbol>
      <symbol id="sm-105">
         <name>_atoi</name>
         <value>0x6560</value>
         <object_component_ref idref="oc-c5"/>
      </symbol>
      <symbol id="sm-10f">
         <name>__auto_init</name>
         <value>0x6f60</value>
         <object_component_ref idref="oc-a4"/>
      </symbol>
      <symbol id="sm-119">
         <name>___TI_cpp_init</name>
         <value>0x8280</value>
         <object_component_ref idref="oc-b1"/>
      </symbol>
      <symbol id="sm-123">
         <name>_copy_in</name>
         <value>0x7d40</value>
         <object_component_ref idref="oc-af"/>
      </symbol>
      <symbol id="sm-12b">
         <name>__ctypes_</name>
         <value>0x10800</value>
         <object_component_ref idref="oc-cb"/>
      </symbol>
      <symbol id="sm-135">
         <name>__tmpnams</name>
         <value>0x9140</value>
         <object_component_ref idref="oc-41"/>
      </symbol>
      <symbol id="sm-136">
         <name>__ft_end</name>
         <value>0x9280</value>
         <object_component_ref idref="oc-41"/>
      </symbol>
      <symbol id="sm-137">
         <name>__ftable</name>
         <value>0x8f60</value>
         <object_component_ref idref="oc-41"/>
      </symbol>
      <symbol id="sm-141">
         <name>__divd</name>
         <value>0x0</value>
         <object_component_ref idref="oc-dd"/>
      </symbol>
      <symbol id="sm-149">
         <name>__c6xabi_divu</name>
         <value>0x7c80</value>
         <object_component_ref idref="oc-e8"/>
      </symbol>
      <symbol id="sm-14a">
         <name>__divu</name>
         <value>0x7c80</value>
         <object_component_ref idref="oc-e8"/>
      </symbol>
      <symbol id="sm-154">
         <name>__fixdli</name>
         <value>0x7ec0</value>
         <object_component_ref idref="oc-e3"/>
      </symbol>
      <symbol id="sm-15e">
         <name>__fltlid</name>
         <value>0x8300</value>
         <object_component_ref idref="oc-e5"/>
      </symbol>
      <symbol id="sm-168">
         <name>_putc</name>
         <value>0x46e0</value>
         <object_component_ref idref="oc-bc"/>
      </symbol>
      <symbol id="sm-169">
         <name>_fputc</name>
         <value>0x46e0</value>
         <object_component_ref idref="oc-bc"/>
      </symbol>
      <symbol id="sm-175">
         <name>_fputs</name>
         <value>0x1fc0</value>
         <object_component_ref idref="oc-bb"/>
      </symbol>
      <symbol id="sm-17f">
         <name>__frcmpyd_div</name>
         <value>0x6420</value>
         <object_component_ref idref="oc-e7"/>
      </symbol>
      <symbol id="sm-18d">
         <name>__divul</name>
         <value>0x4c20</value>
         <object_component_ref idref="oc-e9"/>
      </symbol>
      <symbol id="sm-18e">
         <name>__remli</name>
         <value>0x8000</value>
         <object_component_ref idref="oc-ed"/>
      </symbol>
      <symbol id="sm-18f">
         <name>__divli</name>
         <value>0x7160</value>
         <object_component_ref idref="oc-ee"/>
      </symbol>
      <symbol id="sm-19b">
         <name>__subcull</name>
         <value>0x85c0</value>
         <object_component_ref idref="oc-f0"/>
      </symbol>
      <symbol id="sm-19c">
         <name>__divull</name>
         <value>0x30a0</value>
         <object_component_ref idref="oc-ea"/>
      </symbol>
      <symbol id="sm-1a6">
         <name>___isinf</name>
         <value>0x8500</value>
         <object_component_ref idref="oc-cd"/>
      </symbol>
      <symbol id="sm-1b2">
         <name>__llshl</name>
         <value>0x8380</value>
         <object_component_ref idref="oc-ef"/>
      </symbol>
      <symbol id="sm-1b3">
         <name>__llshru</name>
         <value>0x8560</value>
         <object_component_ref idref="oc-e6"/>
      </symbol>
      <symbol id="sm-1cb">
         <name>_unlink</name>
         <value>0x8140</value>
         <object_component_ref idref="oc-f1"/>
      </symbol>
      <symbol id="sm-1cc">
         <name>_lseek</name>
         <value>0x7360</value>
         <object_component_ref idref="oc-d4"/>
      </symbol>
      <symbol id="sm-1cd">
         <name>_close</name>
         <value>0x6a00</value>
         <object_component_ref idref="oc-eb"/>
      </symbol>
      <symbol id="sm-1ce">
         <name>_write</name>
         <value>0x7560</value>
         <object_component_ref idref="oc-c3"/>
      </symbol>
      <symbol id="sm-1d8">
         <name>_ltoa</name>
         <value>0x6b20</value>
         <object_component_ref idref="oc-e4"/>
      </symbol>
      <symbol id="sm-1e2">
         <name>_memccpy</name>
         <value>0x8480</value>
         <object_component_ref idref="oc-c8"/>
      </symbol>
      <symbol id="sm-1ec">
         <name>_memcpy</name>
         <value>0x5300</value>
         <object_component_ref idref="oc-b0"/>
      </symbol>
      <symbol id="sm-1f6">
         <name>_memset</name>
         <value>0x6c40</value>
         <object_component_ref idref="oc-c4"/>
      </symbol>
      <symbol id="sm-200">
         <name>__mpyll</name>
         <value>0x7f60</value>
         <object_component_ref idref="oc-df"/>
      </symbol>
      <symbol id="sm-20a">
         <name>__negll</name>
         <value>0x86a0</value>
         <object_component_ref idref="oc-d2"/>
      </symbol>
      <symbol id="sm-222">
         <name>_HOSTopen</name>
         <value>0x66a0</value>
         <object_component_ref idref="oc-a8"/>
      </symbol>
      <symbol id="sm-223">
         <name>_HOSTread</name>
         <value>0x62e0</value>
         <object_component_ref idref="oc-aa"/>
      </symbol>
      <symbol id="sm-224">
         <name>_HOSTrename</name>
         <value>0x5540</value>
         <object_component_ref idref="oc-ae"/>
      </symbol>
      <symbol id="sm-225">
         <name>_HOSTwrite</name>
         <value>0x67c0</value>
         <object_component_ref idref="oc-ab"/>
      </symbol>
      <symbol id="sm-226">
         <name>_HOSTlseek</name>
         <value>0x6020</value>
         <object_component_ref idref="oc-ac"/>
      </symbol>
      <symbol id="sm-227">
         <name>_HOSTunlink</name>
         <value>0x6e60</value>
         <object_component_ref idref="oc-ad"/>
      </symbol>
      <symbol id="sm-228">
         <name>_HOSTclose</name>
         <value>0x6d60</value>
         <object_component_ref idref="oc-a9"/>
      </symbol>
      <symbol id="sm-236">
         <name>C$$IO$$</name>
         <value>0x8258</value>
         <object_component_ref idref="oc-b4"/>
      </symbol>
      <symbol id="sm-237">
         <name>__CIOBUF_</name>
         <value>0x10988</value>
         <object_component_ref idref="oc-81"/>
      </symbol>
      <symbol id="sm-238">
         <name>_readmsg</name>
         <value>0x80a0</value>
         <object_component_ref idref="oc-b5"/>
      </symbol>
      <symbol id="sm-239">
         <name>_writemsg</name>
         <value>0x81e0</value>
         <object_component_ref idref="oc-b4"/>
      </symbol>
      <symbol id="sm-243">
         <name>__wrt_ok</name>
         <value>0x68e0</value>
         <object_component_ref idref="oc-c1"/>
      </symbol>
      <symbol id="sm-254">
         <name>__doflush</name>
         <value>0x7740</value>
         <object_component_ref idref="oc-c2"/>
      </symbol>
      <symbol id="sm-25e">
         <name>_fseek</name>
         <value>0x5b20</value>
         <object_component_ref idref="oc-c9"/>
      </symbol>
      <symbol id="sm-268">
         <name>_setvbuf</name>
         <value>0x4980</value>
         <object_component_ref idref="oc-ca"/>
      </symbol>
      <symbol id="sm-276">
         <name>__cleanup</name>
         <value>0x7660</value>
         <object_component_ref idref="oc-d7"/>
      </symbol>
      <symbol id="sm-28c">
         <name>__sys_memory</name>
         <value>0x10000</value>
         <object_component_ref idref="oc-9b"/>
      </symbol>
      <symbol id="sm-28d">
         <name>_free</name>
         <value>0x3420</value>
         <object_component_ref idref="oc-d5"/>
      </symbol>
      <symbol id="sm-28e">
         <name>_malloc</name>
         <value>0x50c0</value>
         <object_component_ref idref="oc-d6"/>
      </symbol>
      <symbol id="sm-298">
         <name>__closefile</name>
         <value>0x6180</value>
         <object_component_ref idref="oc-e2"/>
      </symbol>
      <symbol id="sm-2a2">
         <name>_remove</name>
         <value>0x8740</value>
         <object_component_ref idref="oc-ec"/>
      </symbol>
   </symbol_table>
</link_info>
