******************************************************************************
               TMS320C6x Linker PC v7.4.4                      
******************************************************************************
>> Linked Mon Apr 18 19:48:21 2022

OUTPUT FILE NAME:   <sdram.out>
ENTRY POINT SYMBOL: "_c_int00"  address: 00008400


MEMORY CONFIGURATION

         name            origin    length      used     unused   attr    fill
----------------------  --------  ---------  --------  --------  ----  --------
  PMEM                  00000000   00010000  0000951c  00006ae4  RWIX
  BMEM                  00010000   00030000  00000ab7  0002f549  RWIX
  SDRAM                 80000000   01000000  00000000  01000000  RWIX


SECTION ALLOCATION MAP

 output                                  attributes/
section   page    origin      length       input sections
--------  ----  ----------  ----------   ----------------
.text      0    00000000    00008760     
                  00000000    00000720     rts6700.lib : divd.obj (.text:__divd)
                  00000720    000006e0     dec6713.obj (.text)
                  00000e00    000006c0     rts6700.lib : _printfi.obj (.text:__getarg_diouxp)
                  000014c0    000005a0                 : _printfi.obj (.text:__setfield)
                  00001a60    00000560                 : _printfi.obj (.text:__printfi)
                  00001fc0    000004c0                 : fputs.obj (.text:_fputs)
                  00002480    00000420                 : _printfi.obj (.text:_fcvt)
                  000028a0    00000400                 : _printfi.obj (.text:__pproc_fge)
                  00002ca0    00000400                 : _printfi.obj (.text:_ecvt)
                  000030a0    00000380                 : imath64.obj (.text:__divull)
                  00003420    00000380                 : memory.obj (.text:_free)
                  000037a0    00000360                 : _printfi.obj (.text:__pconv_e)
                  00003b00    00000360                 : _printfi.obj (.text:__pproc_fwp)
                  00003e60    00000300                 : _printfi.obj (.text:__pproc_diouxp)
                  00004160    000002c0                 : _printfi.obj (.text:__pconv_g)
                  00004420    000002c0                 : _printfi.obj (.text:__pproc_str)
                  000046e0    000002a0                 : fputc.obj (.text:_fputc)
                  00004980    000002a0                 : setvbuf.obj (.text:_setvbuf)
                  00004c20    00000260                 : imath40.obj (.text:__divul)
                  00004e80    00000240                 : _printfi.obj (.text:__mcpy)
                  000050c0    00000240                 : memory.obj (.text:_malloc)
                  00005300    00000240                 : memcpy62.obj (.text:_memcpy)
                  00005540    00000220                 : trgdrv.obj (.text:_HOSTrename)
                  00005760    000001e0                 : lowlev.obj (.text:_getdevice)
                  00005940    000001e0     sdram.obj (.text)
                  00005b20    000001c0     rts6700.lib : fseek.obj (.text:_fseek)
                  00005ce0    000001a0                 : _printfi.obj (.text:__ltostr)
                  00005e80    000001a0                 : _printfi.obj (.text:__pproc_fflags)
                  00006020    00000160                 : trgdrv.obj (.text:_HOSTlseek)
                  00006180    00000160                 : fclose.obj (.text:__closefile)
                  000062e0    00000140                 : trgdrv.obj (.text:_HOSTread)
                  00006420    00000140                 : frcmpyd_div.obj (.text:__frcmpyd_div)
                  00006560    00000140                 : atoi.obj (.text:_atoi)
                  000066a0    00000120                 : trgdrv.obj (.text:_HOSTopen)
                  000067c0    00000120                 : trgdrv.obj (.text:_HOSTwrite)
                  000068e0    00000120                 : _io_perm.obj (.text:__wrt_ok)
                  00006a00    00000120                 : lowlev.obj (.text:_close)
                  00006b20    00000120                 : ltoa.obj (.text:_ltoa)
                  00006c40    00000120                 : memset.obj (.text:_memset)
                  00006d60    00000100                 : trgdrv.obj (.text:_HOSTclose)
                  00006e60    00000100                 : trgdrv.obj (.text:_HOSTunlink)
                  00006f60    00000100                 : autoinit.obj (.text:__auto_init)
                  00007060    00000100                 : _printfi.obj (.text:__div)
                  00007160    00000100                 : imath40.obj (.text:__divli)
                  00007260    00000100                 : _printfi.obj (.text:__pconv_f)
                  00007360    00000100                 : lowlev.obj (.text:_lseek)
                  00007460    00000100                 : printf.obj (.text:_printf)
                  00007560    00000100                 : lowlev.obj (.text:_write)
                  00007660    000000e0                 : fopen.obj (.text:__cleanup)
                  00007740    000000e0                 : fflush.obj (.text:__doflush)
                  00007820    000000e0                 : _printfi.obj (.text:__ecpy)
                  00007900    000000e0                 : _printfi.obj (.text:__fcpy)
                  000079e0    000000e0                 : exit.obj (.text:_exit)
                  00007ac0    000000e0                 : memory.obj (.text:_minsert)
                  00007ba0    000000e0                 : memory.obj (.text:_mremove)
                  00007c80    000000c0                 : divu.obj (.text:__divu)
                  00007d40    000000c0                 : cpy_tbl.obj (.text:_copy_in)
                  00007e00    000000c0                 : lowlev.obj (.text:_finddevice)
                  00007ec0    000000a0                 : fixdli.obj (.text:__fixdli)
                  00007f60    000000a0                 : mpyll.obj (.text:__mpyll)
                  00008000    000000a0                 : imath40.obj (.text:__remli)
                  000080a0    000000a0                 : trgmsg.obj (.text:_readmsg)
                  00008140    000000a0                 : lowlev.obj (.text:_unlink)
                  000081e0    000000a0                 : trgmsg.obj (.text:_writemsg)
                  00008280    00000080                 : cpp_init.obj (.text:___TI_cpp_init)
                  00008300    00000080                 : fltlid.obj (.text:__fltlid)
                  00008380    00000080                 : llshift.obj (.text:__llshl)
                  00008400    00000080                 : boot.obj (.text:_c_int00)
                  00008480    00000080                 : memccpy.obj (.text:_memccpy)
                  00008500    00000060                 : isinf.obj (.text:___isinf)
                  00008560    00000060                 : llshift.obj (.text:__llshru)
                  000085c0    00000060                 : imath64.obj (.text:__subcull)
                  00008620    00000040                 : _printfi.obj (.text:___isnan)
                  00008660    00000040                 : args_main.obj (.text:__args_main)
                  000086a0    00000020                 : negll.obj (.text:__negll)
                  000086c0    00000020                 : _lock.obj (.text:__nop)
                  000086e0    00000020                 : printf.obj (.text:__outc)
                  00008700    00000020                 : printf.obj (.text:__outs)
                  00008720    00000020                 : exit.obj (.text:_abort)
                  00008740    00000020                 : remove.obj (.text:_remove)

.stack     0    00008760    00000800     UNINITIALIZED
                  00008760    00000008     rts6700.lib : boot.obj (.stack)
                  00008768    000007f8     --HOLE--

.far       0    00008f60    00000468     UNINITIALIZED
                  00008f60    00000324     rts6700.lib : defs.obj (.far)
                  00009284    0000011c                 : lowlev.obj (.far)
                  000093a0    0000000c                 : exit.obj (.far)
                  000093ac    00000008                 : _lock.obj (.far)
                  000093b4    00000008                 : memory.obj (.far)
                  000093bc    00000008                 : trgdrv.obj (.far)
                  000093c4    00000004                 : fopen.obj (.far)

.cinit     0    000093c8    00000154     
                  000093c8    0000005c     rts6700.lib : defs.obj (.cinit)
                  00009424    00000004     --HOLE-- [fill = 0]
                  00009428    0000005c                 : lowlev.obj (.cinit)
                  00009484    00000004     --HOLE-- [fill = 0]
                  00009488    0000002c                 : exit.obj (.cinit)
                  000094b4    00000004     --HOLE-- [fill = 0]
                  000094b8    0000002c                 : memory.obj (.cinit)
                  000094e4    00000004     --HOLE-- [fill = 0]
                  000094e8    0000001c                 : _lock.obj (.cinit)
                  00009504    00000004     --HOLE-- [fill = 0]
                  00009508    0000000c                 : fopen.obj (.cinit)
                  00009514    00000004     --HOLE-- [fill = 0]
                  00009518    00000004     (.pad.cinit) [fill = 0]

.data      0    00010000    00000000     UNINITIALIZED

.sysmem    0    00010000    00000800     UNINITIALIZED
                  00010000    00000008     rts6700.lib : memory.obj (.sysmem)
                  00010008    000007f8     --HOLE--

.const     0    00010800    00000187     
                  00010800    00000101     rts6700.lib : ctype.obj (.const:.string:__ctypes_)
                  00010901    00000002                 : fputs.obj (.const:.string)
                  00010903    00000001     --HOLE-- [fill = 0]
                  00010904    00000060     sdram.obj (.const:.string)
                  00010964    00000023     rts6700.lib : _printfi.obj (.const:.string)

.cio       0    00010988    00000120     UNINITIALIZED
                  00010988    00000120     rts6700.lib : trgmsg.obj (.cio)

.bss       0    00010aa8    00000010     UNINITIALIZED
                  00010aa8    00000010     sdram.obj (.bss)


GLOBAL SYMBOLS: SORTED ALPHABETICALLY BY Name 

address    name
--------   ----
00010aa8   $bss
00010aa8   .bss
00010000   .data
00000000   .text
00008720   C$$EXIT
00008258   C$$IO$$
00000788   _DEC6713_Init
00000cd4   _DEC6713_cpld_rget
00000d10   _DEC6713_cpld_rset
00000d50   _DEC6713_wait
00000720   _Delay
00006d60   _HOSTclose
00006020   _HOSTlseek
000066a0   _HOSTopen
000062e0   _HOSTread
00005540   _HOSTrename
00006e60   _HOSTunlink
000067c0   _HOSTwrite
00010aa8   _Src_StartAdd
00010ab0   _TempData
00010988   __CIOBUF_
00008f60   __STACK_END
00000800   __STACK_SIZE
00000800   __SYSMEM_SIZE
00000001   __TI_args_main
00008280   ___TI_cpp_init
000093a8   ___TI_enable_exit_profile_output
ffffffff   ___TI_pprof_out_hndl
ffffffff   ___TI_prof_data_size
ffffffff   ___TI_prof_data_start
ffffffff   ___binit__
00010aa8   ___bss__
ffffffff   ___c_args__
000093c8   ___cinit__
00010000   ___data__
00010000   ___edata__
00010ab8   ___end__
00008760   ___etext__
00008500   ___isinf
ffffffff   ___pinit__
00000000   ___text__
00008660   __args_main
00006f60   __auto_init
00007c80   __c6xabi_divu
00007660   __cleanup
000093a0   __cleanup_ptr
00006180   __closefile
00010800   __ctypes_
00000000   __divd
00007160   __divli
00007c80   __divu
00004c20   __divul
000030a0   __divull
00007740   __doflush
000093a4   __dtors_ptr
00007ec0   __fixdli
00008300   __fltlid
00006420   __frcmpyd_div
00009280   __ft_end
00008f60   __ftable
00008380   __llshl
00008560   __llshru
000093ac   __lock
00007f60   __mpyll
000086a0   __negll
000086c0   __nop
00001a60   __printfi
00008000   __remli
00008760   __stack
000085c0   __subcull
00010000   __sys_memory
00009140   __tmpnams
000093b0   __unlock
000068e0   __wrt_ok
00008720   _abort
00006560   _atoi
00008400   _c_int00
00006a00   _close
00007d40   _copy_in
000079e0   _exit
000046e0   _fputc
00001fc0   _fputs
00003420   _free
00005b20   _fseek
00007360   _lseek
00006b20   _ltoa
00005940   _main
000050c0   _malloc
00008480   _memccpy
00005300   _memcpy
00006c40   _memset
00007460   _printf
000046e0   _putc
000080a0   _readmsg
00008740   _remove
00004980   _setvbuf
00008140   _unlink
00007560   _write
000081e0   _writemsg
ffffffff   binit
000093c8   cinit
00010000   edata
00010ab8   end
00008760   etext
ffffffff   pinit


GLOBAL SYMBOLS: SORTED BY Symbol Address 

address    name
--------   ----
00000000   .text
00000000   ___text__
00000000   __divd
00000001   __TI_args_main
00000720   _Delay
00000788   _DEC6713_Init
00000800   __STACK_SIZE
00000800   __SYSMEM_SIZE
00000cd4   _DEC6713_cpld_rget
00000d10   _DEC6713_cpld_rset
00000d50   _DEC6713_wait
00001a60   __printfi
00001fc0   _fputs
000030a0   __divull
00003420   _free
000046e0   _fputc
000046e0   _putc
00004980   _setvbuf
00004c20   __divul
000050c0   _malloc
00005300   _memcpy
00005540   _HOSTrename
00005940   _main
00005b20   _fseek
00006020   _HOSTlseek
00006180   __closefile
000062e0   _HOSTread
00006420   __frcmpyd_div
00006560   _atoi
000066a0   _HOSTopen
000067c0   _HOSTwrite
000068e0   __wrt_ok
00006a00   _close
00006b20   _ltoa
00006c40   _memset
00006d60   _HOSTclose
00006e60   _HOSTunlink
00006f60   __auto_init
00007160   __divli
00007360   _lseek
00007460   _printf
00007560   _write
00007660   __cleanup
00007740   __doflush
000079e0   _exit
00007c80   __c6xabi_divu
00007c80   __divu
00007d40   _copy_in
00007ec0   __fixdli
00007f60   __mpyll
00008000   __remli
000080a0   _readmsg
00008140   _unlink
000081e0   _writemsg
00008258   C$$IO$$
00008280   ___TI_cpp_init
00008300   __fltlid
00008380   __llshl
00008400   _c_int00
00008480   _memccpy
00008500   ___isinf
00008560   __llshru
000085c0   __subcull
00008660   __args_main
000086a0   __negll
000086c0   __nop
00008720   C$$EXIT
00008720   _abort
00008740   _remove
00008760   ___etext__
00008760   __stack
00008760   etext
00008f60   __STACK_END
00008f60   __ftable
00009140   __tmpnams
00009280   __ft_end
000093a0   __cleanup_ptr
000093a4   __dtors_ptr
000093a8   ___TI_enable_exit_profile_output
000093ac   __lock
000093b0   __unlock
000093c8   ___cinit__
000093c8   cinit
00010000   .data
00010000   ___data__
00010000   ___edata__
00010000   __sys_memory
00010000   edata
00010800   __ctypes_
00010988   __CIOBUF_
00010aa8   $bss
00010aa8   .bss
00010aa8   _Src_StartAdd
00010aa8   ___bss__
00010ab0   _TempData
00010ab8   ___end__
00010ab8   end
ffffffff   ___TI_pprof_out_hndl
ffffffff   ___TI_prof_data_size
ffffffff   ___TI_prof_data_start
ffffffff   ___binit__
ffffffff   ___c_args__
ffffffff   ___pinit__
ffffffff   binit
ffffffff   pinit

[105 symbols]
