******************************************************************************
               TMS320C6x Linker PC v7.4.4                      
******************************************************************************
>> Linked Sun Apr 24 10:30:52 2022

OUTPUT FILE NAME:   <sdram01.out>
ENTRY POINT SYMBOL: "_c_int00"  address: 00007fe0


MEMORY CONFIGURATION

         name            origin    length      used     unused   attr    fill
----------------------  --------  ---------  --------  --------  ----  --------
  PMEM                  00000000   00010000  0000d11c  00002ee4  RWIX
  BMEM                  00010000   00030000  00000aa3  0002f55d  RWIX
  SDRAM                 80000000   01000000  00000000  01000000  RWIX


SECTION ALLOCATION MAP

 output                                  attributes/
section   page    origin      length       input sections
--------  ----  ----------  ----------   ----------------
.text      0    00000000    00008340     
                  00000000    00000720     rts6700.lib : divd.obj (.text:__divd)
                  00000720    000006c0                 : _printfi.obj (.text:__getarg_diouxp)
                  00000de0    000005a0                 : _printfi.obj (.text:__setfield)
                  00001380    00000560                 : _printfi.obj (.text:__printfi)
                  000018e0    000004c0                 : fputs.obj (.text:_fputs)
                  00001da0    00000420                 : _printfi.obj (.text:_fcvt)
                  000021c0    00000400                 : _printfi.obj (.text:__pproc_fge)
                  000025c0    00000400                 : _printfi.obj (.text:_ecvt)
                  000029c0    00000380                 : imath64.obj (.text:__divull)
                  00002d40    00000380                 : memory.obj (.text:_free)
                  000030c0    00000360                 : _printfi.obj (.text:__pconv_e)
                  00003420    00000360                 : _printfi.obj (.text:__pproc_fwp)
                  00003780    00000300                 : _printfi.obj (.text:__pproc_diouxp)
                  00003a80    00000300     dec6713.obj (.text)
                  00003d80    000002c0     rts6700.lib : _printfi.obj (.text:__pconv_g)
                  00004040    000002c0                 : _printfi.obj (.text:__pproc_str)
                  00004300    000002a0                 : fputc.obj (.text:_fputc)
                  000045a0    000002a0                 : setvbuf.obj (.text:_setvbuf)
                  00004840    00000260                 : imath40.obj (.text:__divul)
                  00004aa0    00000240                 : _printfi.obj (.text:__mcpy)
                  00004ce0    00000240                 : memory.obj (.text:_malloc)
                  00004f20    00000240                 : memcpy62.obj (.text:_memcpy)
                  00005160    00000220                 : trgdrv.obj (.text:_HOSTrename)
                  00005380    000001e0                 : lowlev.obj (.text:_getdevice)
                  00005560    000001c0                 : fseek.obj (.text:_fseek)
                  00005720    000001a0                 : _printfi.obj (.text:__ltostr)
                  000058c0    000001a0                 : _printfi.obj (.text:__pproc_fflags)
                  00005a60    000001a0     sdram.obj (.text)
                  00005c00    00000160     rts6700.lib : trgdrv.obj (.text:_HOSTlseek)
                  00005d60    00000160                 : fclose.obj (.text:__closefile)
                  00005ec0    00000140                 : trgdrv.obj (.text:_HOSTread)
                  00006000    00000140                 : frcmpyd_div.obj (.text:__frcmpyd_div)
                  00006140    00000140                 : atoi.obj (.text:_atoi)
                  00006280    00000120                 : trgdrv.obj (.text:_HOSTopen)
                  000063a0    00000120                 : trgdrv.obj (.text:_HOSTwrite)
                  000064c0    00000120                 : _io_perm.obj (.text:__wrt_ok)
                  000065e0    00000120                 : lowlev.obj (.text:_close)
                  00006700    00000120                 : ltoa.obj (.text:_ltoa)
                  00006820    00000120                 : memset.obj (.text:_memset)
                  00006940    00000100                 : trgdrv.obj (.text:_HOSTclose)
                  00006a40    00000100                 : trgdrv.obj (.text:_HOSTunlink)
                  00006b40    00000100                 : autoinit.obj (.text:__auto_init)
                  00006c40    00000100                 : _printfi.obj (.text:__div)
                  00006d40    00000100                 : imath40.obj (.text:__divli)
                  00006e40    00000100                 : _printfi.obj (.text:__pconv_f)
                  00006f40    00000100                 : lowlev.obj (.text:_lseek)
                  00007040    00000100                 : printf.obj (.text:_printf)
                  00007140    00000100                 : lowlev.obj (.text:_write)
                  00007240    000000e0                 : fopen.obj (.text:__cleanup)
                  00007320    000000e0                 : fflush.obj (.text:__doflush)
                  00007400    000000e0                 : _printfi.obj (.text:__ecpy)
                  000074e0    000000e0                 : _printfi.obj (.text:__fcpy)
                  000075c0    000000e0                 : exit.obj (.text:_exit)
                  000076a0    000000e0                 : memory.obj (.text:_minsert)
                  00007780    000000e0                 : memory.obj (.text:_mremove)
                  00007860    000000c0                 : divu.obj (.text:__divu)
                  00007920    000000c0                 : cpy_tbl.obj (.text:_copy_in)
                  000079e0    000000c0                 : lowlev.obj (.text:_finddevice)
                  00007aa0    000000a0                 : fixdli.obj (.text:__fixdli)
                  00007b40    000000a0                 : mpyll.obj (.text:__mpyll)
                  00007be0    000000a0                 : imath40.obj (.text:__remli)
                  00007c80    000000a0                 : trgmsg.obj (.text:_readmsg)
                  00007d20    000000a0                 : lowlev.obj (.text:_unlink)
                  00007dc0    000000a0                 : trgmsg.obj (.text:_writemsg)
                  00007e60    00000080                 : cpp_init.obj (.text:___TI_cpp_init)
                  00007ee0    00000080                 : fltlid.obj (.text:__fltlid)
                  00007f60    00000080                 : llshift.obj (.text:__llshl)
                  00007fe0    00000080                 : boot.obj (.text:_c_int00)
                  00008060    00000080                 : memccpy.obj (.text:_memccpy)
                  000080e0    00000060                 : isinf.obj (.text:___isinf)
                  00008140    00000060                 : llshift.obj (.text:__llshru)
                  000081a0    00000060                 : imath64.obj (.text:__subcull)
                  00008200    00000040                 : _printfi.obj (.text:___isnan)
                  00008240    00000040                 : args_main.obj (.text:__args_main)
                  00008280    00000020                 : negll.obj (.text:__negll)
                  000082a0    00000020                 : _lock.obj (.text:__nop)
                  000082c0    00000020                 : printf.obj (.text:__outc)
                  000082e0    00000020                 : printf.obj (.text:__outs)
                  00008300    00000020                 : exit.obj (.text:_abort)
                  00008320    00000020                 : remove.obj (.text:_remove)

.far       0    00008340    00004468     UNINITIALIZED
                  00008340    00004000     sdram.obj (.far)
                  0000c340    00000324     rts6700.lib : defs.obj (.far)
                  0000c664    0000011c                 : lowlev.obj (.far)
                  0000c780    0000000c                 : exit.obj (.far)
                  0000c78c    00000008                 : _lock.obj (.far)
                  0000c794    00000008                 : memory.obj (.far)
                  0000c79c    00000008                 : trgdrv.obj (.far)
                  0000c7a4    00000004                 : fopen.obj (.far)

.stack     0    0000c7a8    00000800     UNINITIALIZED
                  0000c7a8    00000008     rts6700.lib : boot.obj (.stack)
                  0000c7b0    000007f8     --HOLE--

.cinit     0    0000cfa8    00000174     
                  0000cfa8    0000005c     rts6700.lib : defs.obj (.cinit)
                  0000d004    00000004     --HOLE-- [fill = 0]
                  0000d008    0000005c                 : lowlev.obj (.cinit)
                  0000d064    00000004     --HOLE-- [fill = 0]
                  0000d068    0000002c                 : exit.obj (.cinit)
                  0000d094    00000004     --HOLE-- [fill = 0]
                  0000d098    0000002c                 : memory.obj (.cinit)
                  0000d0c4    00000004     --HOLE-- [fill = 0]
                  0000d0c8    0000001c                 : _lock.obj (.cinit)
                  0000d0e4    00000004     --HOLE-- [fill = 0]
                  0000d0e8    0000001c     sdram.obj (.cinit)
                  0000d104    00000004     --HOLE-- [fill = 0]
                  0000d108    0000000c     rts6700.lib : fopen.obj (.cinit)
                  0000d114    00000004     --HOLE-- [fill = 0]
                  0000d118    00000004     (.pad.cinit) [fill = 0]

.data      0    00010000    00000000     UNINITIALIZED

.sysmem    0    00010000    00000800     UNINITIALIZED
                  00010000    00000008     rts6700.lib : memory.obj (.sysmem)
                  00010008    000007f8     --HOLE--

.const     0    00010800    0000016f     
                  00010800    00000101     rts6700.lib : ctype.obj (.const:.string:__ctypes_)
                  00010901    00000002                 : fputs.obj (.const:.string)
                  00010903    00000001     --HOLE-- [fill = 0]
                  00010904    00000048     sdram.obj (.const:.string)
                  0001094c    00000023     rts6700.lib : _printfi.obj (.const:.string)

.cio       0    00010970    00000120     UNINITIALIZED
                  00010970    00000120     rts6700.lib : trgmsg.obj (.cio)

.bss       0    00010a90    00000014     UNINITIALIZED
                  00010a90    00000014     sdram.obj (.bss)


GLOBAL SYMBOLS: SORTED ALPHABETICALLY BY Name 

address    name
--------   ----
00010a90   $bss
00010a90   .bss
00010000   .data
00000000   .text
00008300   C$$EXIT
00007e38   C$$IO$$
00003c88   _DEC6713_cpld_rget
00003cc4   _DEC6713_cpld_rset
00003acc   _DEC6713_init
00003d04   _DEC6713_wait
00008340   _DataBuff
00010a9c   _Dst_EndAdd
00010a94   _Dst_StartAdd
00006940   _HOSTclose
00005c00   _HOSTlseek
00006280   _HOSTopen
00005ec0   _HOSTread
00005160   _HOSTrename
00006a40   _HOSTunlink
000063a0   _HOSTwrite
0000a340   _ReceiveData
00010a98   _Src_EndAdd
00010a90   _Src_StartAdd
00010aa0   _TempData
00010970   __CIOBUF_
0000cfa8   __STACK_END
00000800   __STACK_SIZE
00000800   __SYSMEM_SIZE
00000001   __TI_args_main
00007e60   ___TI_cpp_init
0000c788   ___TI_enable_exit_profile_output
ffffffff   ___TI_pprof_out_hndl
ffffffff   ___TI_prof_data_size
ffffffff   ___TI_prof_data_start
ffffffff   ___binit__
00010a90   ___bss__
ffffffff   ___c_args__
0000cfa8   ___cinit__
00010000   ___data__
00010000   ___edata__
00010aa4   ___end__
00008340   ___etext__
000080e0   ___isinf
ffffffff   ___pinit__
00000000   ___text__
00008240   __args_main
00006b40   __auto_init
00007860   __c6xabi_divu
00007240   __cleanup
0000c780   __cleanup_ptr
00005d60   __closefile
00010800   __ctypes_
00000000   __divd
00006d40   __divli
00007860   __divu
00004840   __divul
000029c0   __divull
00007320   __doflush
0000c784   __dtors_ptr
00007aa0   __fixdli
00007ee0   __fltlid
00006000   __frcmpyd_div
0000c660   __ft_end
0000c340   __ftable
00007f60   __llshl
00008140   __llshru
0000c78c   __lock
00007b40   __mpyll
00008280   __negll
000082a0   __nop
00001380   __printfi
00007be0   __remli
0000c7a8   __stack
000081a0   __subcull
00010000   __sys_memory
0000c520   __tmpnams
0000c790   __unlock
000064c0   __wrt_ok
00008300   _abort
00006140   _atoi
00007fe0   _c_int00
000065e0   _close
00007920   _copy_in
000075c0   _exit
00004300   _fputc
000018e0   _fputs
00002d40   _free
00005560   _fseek
00006f40   _lseek
00006700   _ltoa
00005a60   _main
00004ce0   _malloc
00008060   _memccpy
00004f20   _memcpy
00006820   _memset
00007040   _printf
00004300   _putc
00007c80   _readmsg
00008320   _remove
000045a0   _setvbuf
00007d20   _unlink
00007140   _write
00007dc0   _writemsg
ffffffff   binit
0000cfa8   cinit
00010000   edata
00010aa4   end
00008340   etext
ffffffff   pinit


GLOBAL SYMBOLS: SORTED BY Symbol Address 

address    name
--------   ----
00000000   .text
00000000   ___text__
00000000   __divd
00000001   __TI_args_main
00000800   __STACK_SIZE
00000800   __SYSMEM_SIZE
00001380   __printfi
000018e0   _fputs
000029c0   __divull
00002d40   _free
00003acc   _DEC6713_init
00003c88   _DEC6713_cpld_rget
00003cc4   _DEC6713_cpld_rset
00003d04   _DEC6713_wait
00004300   _fputc
00004300   _putc
000045a0   _setvbuf
00004840   __divul
00004ce0   _malloc
00004f20   _memcpy
00005160   _HOSTrename
00005560   _fseek
00005a60   _main
00005c00   _HOSTlseek
00005d60   __closefile
00005ec0   _HOSTread
00006000   __frcmpyd_div
00006140   _atoi
00006280   _HOSTopen
000063a0   _HOSTwrite
000064c0   __wrt_ok
000065e0   _close
00006700   _ltoa
00006820   _memset
00006940   _HOSTclose
00006a40   _HOSTunlink
00006b40   __auto_init
00006d40   __divli
00006f40   _lseek
00007040   _printf
00007140   _write
00007240   __cleanup
00007320   __doflush
000075c0   _exit
00007860   __c6xabi_divu
00007860   __divu
00007920   _copy_in
00007aa0   __fixdli
00007b40   __mpyll
00007be0   __remli
00007c80   _readmsg
00007d20   _unlink
00007dc0   _writemsg
00007e38   C$$IO$$
00007e60   ___TI_cpp_init
00007ee0   __fltlid
00007f60   __llshl
00007fe0   _c_int00
00008060   _memccpy
000080e0   ___isinf
00008140   __llshru
000081a0   __subcull
00008240   __args_main
00008280   __negll
000082a0   __nop
00008300   C$$EXIT
00008300   _abort
00008320   _remove
00008340   _DataBuff
00008340   ___etext__
00008340   etext
0000a340   _ReceiveData
0000c340   __ftable
0000c520   __tmpnams
0000c660   __ft_end
0000c780   __cleanup_ptr
0000c784   __dtors_ptr
0000c788   ___TI_enable_exit_profile_output
0000c78c   __lock
0000c790   __unlock
0000c7a8   __stack
0000cfa8   __STACK_END
0000cfa8   ___cinit__
0000cfa8   cinit
00010000   .data
00010000   ___data__
00010000   ___edata__
00010000   __sys_memory
00010000   edata
00010800   __ctypes_
00010970   __CIOBUF_
00010a90   $bss
00010a90   .bss
00010a90   _Src_StartAdd
00010a90   ___bss__
00010a94   _Dst_StartAdd
00010a98   _Src_EndAdd
00010a9c   _Dst_EndAdd
00010aa0   _TempData
00010aa4   ___end__
00010aa4   end
ffffffff   ___TI_pprof_out_hndl
ffffffff   ___TI_prof_data_size
ffffffff   ___TI_prof_data_start
ffffffff   ___binit__
ffffffff   ___c_args__
ffffffff   ___pinit__
ffffffff   binit
ffffffff   pinit

[109 symbols]
