******************************************************************************
               TMS320C6x Linker PC v7.4.4                      
******************************************************************************
>> Linked Wed Apr 20 18:47:45 2022

OUTPUT FILE NAME:   <test02.out>
ENTRY POINT SYMBOL: "_c_int00"  address: 00000080


MEMORY CONFIGURATION

         name            origin    length      used     unused   attr    fill
----------------------  --------  ---------  --------  --------  ----  --------
PAGE 0:
  ROM                   00000080   00001000  00000160  00000ea0  RWIX
  ROM1                  00002000   00000500  00000040  000004c0  RWIX

PAGE 1:
  RAM1                  00003000   00002000  00001000  00001000  RWIX
  RAM2                  00005500   00001000  00000100  00000f00  RWIX
  RAM3                  00006600   00000500  00000100  00000400  RWIX


SECTION ALLOCATION MAP

 output                                  attributes/
section   page    origin      length       input sections
--------  ----  ----------  ----------   ----------------
.text      0    00000080    00000160     
                  00000080    00000160     test02.obj (.text)

fir_tab    0    00002000    00000040     
                  00002000    00000040     test02.obj (fir_tab)

.bss       1    00003000    00001000     UNINITIALIZED
                  00003000    00001000     test02.obj (.bss)

fir_buff   1    00005500    00000100     UNINITIALIZED
                  00005500    00000100     test02.obj (fir_buff)

data_buff 
*          1    00006600    00000100     UNINITIALIZED
                  00006600    00000100     test02.obj (data_buff)


GLOBAL SYMBOLS: SORTED ALPHABETICALLY BY Name 

address    name
--------   ----
00003000   $bss
00003000   .bss
00000080   .text
ffffffff   ___TI_pprof_out_hndl
ffffffff   ___TI_prof_data_size
ffffffff   ___TI_prof_data_start
ffffffff   ___binit__
00003000   ___bss__
ffffffff   ___c_args__
ffffffff   ___cinit__
00004000   ___end__
000001e0   ___etext__
ffffffff   ___pinit__
00000080   ___text__
00000080   _c_int00
ffffffff   binit
ffffffff   cinit
00004000   end
000001e0   etext
ffffffff   pinit


GLOBAL SYMBOLS: SORTED BY Symbol Address 

address    name
--------   ----
00000080   .text
00000080   ___text__
00000080   _c_int00
000001e0   ___etext__
000001e0   etext
00003000   $bss
00003000   .bss
00003000   ___bss__
00004000   ___end__
00004000   end
ffffffff   ___TI_pprof_out_hndl
ffffffff   ___TI_prof_data_size
ffffffff   ___TI_prof_data_start
ffffffff   ___binit__
ffffffff   ___c_args__
ffffffff   ___cinit__
ffffffff   ___pinit__
ffffffff   binit
ffffffff   cinit
ffffffff   pinit

[20 symbols]
