******************************************************************************
               TMS320C6x Linker PC v7.4.4                      
******************************************************************************
>> Linked Sun Apr 24 10:37:39 2022

OUTPUT FILE NAME:   <timer.out>
ENTRY POINT SYMBOL: "_c_int00"  address: 00000760


MEMORY CONFIGURATION

         name            origin    length      used     unused   attr    fill
----------------------  --------  ---------  --------  --------  ----  --------
  PMEM                  00000000   00010000  000010a0  0000ef60  RWIX
  BMEM                  00010000   00030000  00000000  00030000  RWIX


SECTION ALLOCATION MAP

 output                                  attributes/
section   page    origin      length       input sections
--------  ----  ----------  ----------   ----------------
.text      0    00000000    00000860     
                  00000000    00000240     rts6700.lib : memcpy62.obj (.text:_memcpy)
                  00000240    00000100                 : autoinit.obj (.text:__auto_init)
                  00000340    000000c0                 : cpy_tbl.obj (.text:_copy_in)
                  00000400    00000200     vecs.obj (.text:vecs)
                  00000600    000000e0     rts6700.lib : exit.obj (.text:_exit)
                  000006e0    00000080                 : cpp_init.obj (.text:___TI_cpp_init)
                  00000760    00000080                 : boot.obj (.text:_c_int00)
                  000007e0    00000040                 : args_main.obj (.text:__args_main)
                  00000820    00000020                 : exit.obj (.text:_abort)
                  00000840    00000020     vecs.obj (.text)

.stack     0    00000860    00000800     UNINITIALIZED
                  00000860    00000008     rts6700.lib : boot.obj (.stack)
                  00000868    000007f8     --HOLE--

.cinit     0    00001060    00000034     
                  00001060    0000002c     rts6700.lib : exit.obj (.cinit)
                  0000108c    00000004     --HOLE-- [fill = 0]
                  00001090    00000004     (.pad.cinit) [fill = 0]

.far       0    00001094    0000000c     UNINITIALIZED
                  00001094    0000000c     rts6700.lib : exit.obj (.far)

.data      0    00010000    00000000     UNINITIALIZED

.bss       0    00010000    00000000     UNINITIALIZED


GLOBAL SYMBOLS: SORTED ALPHABETICALLY BY Name 

address    name
--------   ----
00010000   $bss
00010000   .bss
00010000   .data
00000000   .text
00000820   C$$EXIT
00001060   __STACK_END
00000800   __STACK_SIZE
00000001   __TI_args_main
000006e0   ___TI_cpp_init
0000109c   ___TI_enable_exit_profile_output
ffffffff   ___TI_pprof_out_hndl
ffffffff   ___TI_prof_data_size
ffffffff   ___TI_prof_data_start
ffffffff   ___binit__
00010000   ___bss__
ffffffff   ___c_args__
00001060   ___cinit__
00010000   ___data__
00010000   ___edata__
00010000   ___end__
00000860   ___etext__
ffffffff   ___pinit__
00000000   ___text__
000007e0   __args_main
00000240   __auto_init
00001094   __cleanup_ptr
00001098   __dtors_ptr
00000860   __stack
00000820   _abort
00000760   _c_int00
UNDEFED    _c_int14
00000340   _copy_in
00000600   _exit
UNDEFED    _main
00000000   _memcpy
00000420   _vector1
00000540   _vector10
00000560   _vector11
00000580   _vector12
000005a0   _vector13
000005e0   _vector15
00000440   _vector2
00000460   _vector3
00000480   _vector4
000004a0   _vector5
000004c0   _vector6
000004e0   _vector7
00000500   _vector8
00000520   _vector9
00000400   _vectors
ffffffff   binit
00001060   cinit
00010000   edata
00010000   end
00000860   etext
ffffffff   pinit


GLOBAL SYMBOLS: SORTED BY Symbol Address 

address    name
--------   ----
00000000   .text
00000000   ___text__
00000000   _memcpy
00000001   __TI_args_main
00000240   __auto_init
00000340   _copy_in
00000400   _vectors
00000420   _vector1
00000440   _vector2
00000460   _vector3
00000480   _vector4
000004a0   _vector5
000004c0   _vector6
000004e0   _vector7
00000500   _vector8
00000520   _vector9
00000540   _vector10
00000560   _vector11
00000580   _vector12
000005a0   _vector13
000005e0   _vector15
00000600   _exit
000006e0   ___TI_cpp_init
00000760   _c_int00
000007e0   __args_main
00000800   __STACK_SIZE
00000820   C$$EXIT
00000820   _abort
00000860   ___etext__
00000860   __stack
00000860   etext
00001060   __STACK_END
00001060   ___cinit__
00001060   cinit
00001094   __cleanup_ptr
00001098   __dtors_ptr
0000109c   ___TI_enable_exit_profile_output
00010000   $bss
00010000   .bss
00010000   .data
00010000   ___bss__
00010000   ___data__
00010000   ___edata__
00010000   ___end__
00010000   edata
00010000   end
ffffffff   ___TI_pprof_out_hndl
ffffffff   ___TI_prof_data_size
ffffffff   ___TI_prof_data_start
ffffffff   ___binit__
ffffffff   ___c_args__
ffffffff   ___pinit__
ffffffff   binit
ffffffff   pinit
UNDEFED    _c_int14
UNDEFED    _main

[56 symbols]
