******************************************************************************
               TMS320C6x Linker PC v7.4.4                      
******************************************************************************
>> Linked Wed Apr 20 16:52:24 2022

OUTPUT FILE NAME:   <timer.out>
ENTRY POINT SYMBOL: "_c_int00"  address: 00001020


MEMORY CONFIGURATION

         name            origin    length      used     unused   attr    fill
----------------------  --------  ---------  --------  --------  ----  --------
  PMEM                  00000000   00010000  00001950  0000e6b0  RWIX
  BMEM                  00010000   00030000  00000010  0002fff0  RWIX


SECTION ALLOCATION MAP

 output                                  attributes/
section   page    origin      length       input sections
--------  ----  ----------  ----------   ----------------
.text      0    00000000    000010e0     
                  00000000    00000560     dec6713.obj (.text)
                  00000560    00000240     rts6700.lib : memcpy62.obj (.text:_memcpy)
                  000007a0    00000200     timer.obj (.text)
                  000009a0    00000120     timer.obj (.text:retain)
                  00000ac0    00000100     rts6700.lib : autoinit.obj (.text:__auto_init)
                  00000bc0    00000040                 : args_main.obj (.text:__args_main)
                  00000c00    00000200     vecs.obj (.text:vecs)
                  00000e00    000000e0     rts6700.lib : exit.obj (.text:_exit)
                  00000ee0    000000c0                 : cpy_tbl.obj (.text:_copy_in)
                  00000fa0    00000080                 : cpp_init.obj (.text:___TI_cpp_init)
                  00001020    00000080                 : boot.obj (.text:_c_int00)
                  000010a0    00000020                 : exit.obj (.text:_abort)
                  000010c0    00000020     vecs.obj (.text)

.stack     0    000010e0    00000800     UNINITIALIZED
                  000010e0    00000008     rts6700.lib : boot.obj (.stack)
                  000010e8    000007f8     --HOLE--

.cinit     0    000018e0    00000064     
                  000018e0    0000002c     rts6700.lib : exit.obj (.cinit)
                  0000190c    00000004     --HOLE-- [fill = 0]
                  00001910    0000002c     timer.obj (.cinit)
                  0000193c    00000004     --HOLE-- [fill = 0]
                  00001940    00000004     (.pad.cinit) [fill = 0]

.far       0    00001944    0000000c     UNINITIALIZED
                  00001944    0000000c     rts6700.lib : exit.obj (.far)

.data      0    00010000    00000000     UNINITIALIZED

.bss       0    00010000    00000010     UNINITIALIZED
                  00010000    00000010     timer.obj (.bss)


GLOBAL SYMBOLS: SORTED ALPHABETICALLY BY Name 

address    name
--------   ----
00010000   $bss
00010000   .bss
00010000   .data
00000000   .text
000010a0   C$$EXIT
00000068   _DEC6713_Init
000003f0   _DEC6713_cpld_rget
0000042c   _DEC6713_cpld_rset
0000046c   _DEC6713_wait
00000520   _IRQ_setVecs
00000000   _PLLDelay
00000928   _TimerEventHandler
000018e0   __STACK_END
00000800   __STACK_SIZE
00000001   __TI_args_main
00000fa0   ___TI_cpp_init
0000194c   ___TI_enable_exit_profile_output
ffffffff   ___TI_pprof_out_hndl
ffffffff   ___TI_prof_data_size
ffffffff   ___TI_prof_data_start
ffffffff   ___binit__
00010000   ___bss__
ffffffff   ___c_args__
000018e0   ___cinit__
00010000   ___data__
00010000   ___edata__
00010010   ___end__
000010e0   ___etext__
ffffffff   ___pinit__
00000000   ___text__
00000bc0   __args_main
00000ac0   __auto_init
00001944   __cleanup_ptr
00001948   __dtors_ptr
000010e0   __stack
000010a0   _abort
00001020   _c_int00
000009a0   _c_int14
00000ee0   _copy_in
00000e00   _exit
000007a0   _main
00000560   _memcpy
00010008   _mux
0001000c   _tim
00000c20   _vector1
00000d40   _vector10
00000d60   _vector11
00000d80   _vector12
00000da0   _vector13
00000de0   _vector15
00000c40   _vector2
00000c60   _vector3
00000c80   _vector4
00000ca0   _vector5
00000cc0   _vector6
00000ce0   _vector7
00000d00   _vector8
00000d20   _vector9
00000c00   _vectors
ffffffff   binit
000018e0   cinit
00010000   edata
00010010   end
000010e0   etext
ffffffff   pinit


GLOBAL SYMBOLS: SORTED BY Symbol Address 

address    name
--------   ----
00000000   .text
00000000   _PLLDelay
00000000   ___text__
00000001   __TI_args_main
00000068   _DEC6713_Init
000003f0   _DEC6713_cpld_rget
0000042c   _DEC6713_cpld_rset
0000046c   _DEC6713_wait
00000520   _IRQ_setVecs
00000560   _memcpy
000007a0   _main
00000800   __STACK_SIZE
00000928   _TimerEventHandler
000009a0   _c_int14
00000ac0   __auto_init
00000bc0   __args_main
00000c00   _vectors
00000c20   _vector1
00000c40   _vector2
00000c60   _vector3
00000c80   _vector4
00000ca0   _vector5
00000cc0   _vector6
00000ce0   _vector7
00000d00   _vector8
00000d20   _vector9
00000d40   _vector10
00000d60   _vector11
00000d80   _vector12
00000da0   _vector13
00000de0   _vector15
00000e00   _exit
00000ee0   _copy_in
00000fa0   ___TI_cpp_init
00001020   _c_int00
000010a0   C$$EXIT
000010a0   _abort
000010e0   ___etext__
000010e0   __stack
000010e0   etext
000018e0   __STACK_END
000018e0   ___cinit__
000018e0   cinit
00001944   __cleanup_ptr
00001948   __dtors_ptr
0000194c   ___TI_enable_exit_profile_output
00010000   $bss
00010000   .bss
00010000   .data
00010000   ___bss__
00010000   ___data__
00010000   ___edata__
00010000   edata
00010008   _mux
0001000c   _tim
00010010   ___end__
00010010   end
ffffffff   ___TI_pprof_out_hndl
ffffffff   ___TI_prof_data_size
ffffffff   ___TI_prof_data_start
ffffffff   ___binit__
ffffffff   ___c_args__
ffffffff   ___pinit__
ffffffff   binit
ffffffff   pinit

[65 symbols]
