<?xml version="1.0"?>
<link_info>
   <banner>TMS320C6x Linker PC v7.4.4</banner>
   <copyright>Copyright (c) 1996-2013 Texas Instruments Incorporated</copyright>
   <link_time>0x6241e6ad</link_time>
   <output_file>test02_1.out</output_file>
   <entry_point>
      <name>_c_int00</name>
      <address>0x80</address>
   </entry_point>
   <input_file_list>
      <input_file id="fl-2">
         <path>.\</path>
         <kind>object</kind>
         <file>test02_1.obj</file>
         <name>test02_1.obj</name>
      </input_file>
   </input_file_list>
   <object_component_list>
      <object_component id="oc-7">
         <name>.text</name>
         <load_address>0x80</load_address>
         <run_address>0x80</run_address>
         <size>0x160</size>
         <input_file_ref idref="fl-2"/>
      </object_component>
      <object_component id="oc-8">
         <name>.bss</name>
         <uninitialized>true</uninitialized>
         <run_address>0x3000</run_address>
         <size>0x1000</size>
         <input_file_ref idref="fl-2"/>
      </object_component>
      <object_component id="oc-9">
         <name>fir_tab</name>
         <load_address>0x2000</load_address>
         <run_address>0x2000</run_address>
         <size>0x40</size>
         <input_file_ref idref="fl-2"/>
      </object_component>
      <object_component id="oc-a">
         <name>fir_buff</name>
         <uninitialized>true</uninitialized>
         <run_address>0x5500</run_address>
         <size>0x100</size>
         <input_file_ref idref="fl-2"/>
      </object_component>
      <object_component id="oc-b">
         <name>data_buff</name>
         <uninitialized>true</uninitialized>
         <run_address>0x6600</run_address>
         <size>0x100</size>
         <input_file_ref idref="fl-2"/>
      </object_component>
      <object_component id="oc-c">
         <name>.debug_info</name>
         <load_address>0x0</load_address>
         <run_address>0x0</run_address>
         <size>0xbc</size>
         <input_file_ref idref="fl-2"/>
      </object_component>
      <object_component id="oc-1a">
         <name>.debug_info</name>
         <load_address>0xbc</load_address>
         <run_address>0xbc</run_address>
         <size>0x6d</size>
      </object_component>
      <object_component id="oc-d">
         <name>.debug_line</name>
         <load_address>0x0</load_address>
         <run_address>0x0</run_address>
         <size>0x8e</size>
         <input_file_ref idref="fl-2"/>
      </object_component>
      <object_component id="oc-e">
         <name>.debug_abbrev</name>
         <load_address>0x0</load_address>
         <run_address>0x0</run_address>
         <size>0x20</size>
         <input_file_ref idref="fl-2"/>
      </object_component>
      <object_component id="oc-1b">
         <name>.debug_abbrev</name>
         <load_address>0x20</load_address>
         <run_address>0x20</run_address>
         <size>0xd</size>
      </object_component>
   </object_component_list>
   <logical_group_list>
      <logical_group id="lg-2">
         <name>.text</name>
         <load_address>0x80</load_address>
         <run_address>0x80</run_address>
         <size>0x160</size>
         <contents>
            <object_component_ref idref="oc-7"/>
         </contents>
      </logical_group>
      <logical_group id="lg-3">
         <name>.bss</name>
         <run_address>0x3000</run_address>
         <size>0x1000</size>
         <contents>
            <object_component_ref idref="oc-8"/>
         </contents>
      </logical_group>
      <logical_group id="lg-4">
         <name>fir_tab</name>
         <load_address>0x2000</load_address>
         <run_address>0x2000</run_address>
         <size>0x40</size>
         <contents>
            <object_component_ref idref="oc-9"/>
         </contents>
      </logical_group>
      <logical_group id="lg-5">
         <name>fir_buff</name>
         <run_address>0x5500</run_address>
         <size>0x100</size>
         <contents>
            <object_component_ref idref="oc-a"/>
         </contents>
      </logical_group>
      <logical_group id="lg-6">
         <name>data_buff</name>
         <run_address>0x6600</run_address>
         <size>0x100</size>
         <contents>
            <object_component_ref idref="oc-b"/>
         </contents>
      </logical_group>
      <logical_group id="lg-14">
         <name>.debug_info</name>
         <load_address>0x0</load_address>
         <run_address>0x0</run_address>
         <size>0x129</size>
         <contents>
            <object_component_ref idref="oc-c"/>
            <object_component_ref idref="oc-1a"/>
         </contents>
      </logical_group>
      <logical_group id="lg-16">
         <name>.debug_line</name>
         <load_address>0x0</load_address>
         <run_address>0x0</run_address>
         <size>0x8e</size>
         <contents>
            <object_component_ref idref="oc-d"/>
         </contents>
      </logical_group>
      <logical_group id="lg-18">
         <name>.debug_abbrev</name>
         <load_address>0x0</load_address>
         <run_address>0x0</run_address>
         <size>0x2d</size>
         <contents>
            <object_component_ref idref="oc-e"/>
            <object_component_ref idref="oc-1b"/>
         </contents>
      </logical_group>
   </logical_group_list>
   <placement_map>
      <memory_area>
         <name>ROM</name>
         <page_id>0x0</page_id>
         <origin>0x80</origin>
         <length>0x1000</length>
         <used_space>0x160</used_space>
         <unused_space>0xea0</unused_space>
         <attributes>RWIX</attributes>
         <usage_details>
            <allocated_space>
               <start_address>0x80</start_address>
               <size>0x160</size>
               <logical_group_ref idref="lg-2"/>
            </allocated_space>
            <available_space>
               <start_address>0x1e0</start_address>
               <size>0xea0</size>
            </available_space>
         </usage_details>
      </memory_area>
      <memory_area>
         <name>ROM1</name>
         <page_id>0x0</page_id>
         <origin>0x2000</origin>
         <length>0x500</length>
         <used_space>0x40</used_space>
         <unused_space>0x4c0</unused_space>
         <attributes>RWIX</attributes>
         <usage_details>
            <allocated_space>
               <start_address>0x2000</start_address>
               <size>0x40</size>
               <logical_group_ref idref="lg-4"/>
            </allocated_space>
            <available_space>
               <start_address>0x2040</start_address>
               <size>0x4c0</size>
            </available_space>
         </usage_details>
      </memory_area>
      <memory_area>
         <name>RAM1</name>
         <page_id>0x1</page_id>
         <origin>0x3000</origin>
         <length>0x2000</length>
         <used_space>0x1000</used_space>
         <unused_space>0x1000</unused_space>
         <attributes>RWIX</attributes>
         <usage_details>
            <allocated_space>
               <start_address>0x3000</start_address>
               <size>0x1000</size>
               <logical_group_ref idref="lg-3"/>
            </allocated_space>
            <available_space>
               <start_address>0x4000</start_address>
               <size>0x1000</size>
            </available_space>
         </usage_details>
      </memory_area>
      <memory_area>
         <name>RAM2</name>
         <page_id>0x1</page_id>
         <origin>0x5500</origin>
         <length>0x1000</length>
         <used_space>0x100</used_space>
         <unused_space>0xf00</unused_space>
         <attributes>RWIX</attributes>
         <usage_details>
            <allocated_space>
               <start_address>0x5500</start_address>
               <size>0x100</size>
               <logical_group_ref idref="lg-5"/>
            </allocated_space>
            <available_space>
               <start_address>0x5600</start_address>
               <size>0xf00</size>
            </available_space>
         </usage_details>
      </memory_area>
      <memory_area>
         <name>RAM3</name>
         <page_id>0x1</page_id>
         <origin>0x6600</origin>
         <length>0x500</length>
         <used_space>0x100</used_space>
         <unused_space>0x400</unused_space>
         <attributes>RWIX</attributes>
         <usage_details>
            <allocated_space>
               <start_address>0x6600</start_address>
               <size>0x100</size>
               <logical_group_ref idref="lg-6"/>
            </allocated_space>
            <available_space>
               <start_address>0x6700</start_address>
               <size>0x400</size>
            </available_space>
         </usage_details>
      </memory_area>
   </placement_map>
   <symbol_table>
      <symbol id="sm-0">
         <name>cinit</name>
         <value>0xffffffff</value>
      </symbol>
      <symbol id="sm-1">
         <name>___cinit__</name>
         <value>0xffffffff</value>
      </symbol>
      <symbol id="sm-2">
         <name>pinit</name>
         <value>0xffffffff</value>
      </symbol>
      <symbol id="sm-3">
         <name>___pinit__</name>
         <value>0xffffffff</value>
      </symbol>
      <symbol id="sm-4">
         <name>binit</name>
         <value>0xffffffff</value>
      </symbol>
      <symbol id="sm-5">
         <name>___binit__</name>
         <value>0xffffffff</value>
      </symbol>
      <symbol id="sm-6">
         <name>___c_args__</name>
         <value>0xffffffff</value>
      </symbol>
      <symbol id="sm-7">
         <name>.text</name>
         <value>0x80</value>
      </symbol>
      <symbol id="sm-8">
         <name>___text__</name>
         <value>0x80</value>
      </symbol>
      <symbol id="sm-9">
         <name>etext</name>
         <value>0x1e0</value>
      </symbol>
      <symbol id="sm-a">
         <name>___etext__</name>
         <value>0x1e0</value>
      </symbol>
      <symbol id="sm-b">
         <name>.bss</name>
         <value>0x3000</value>
      </symbol>
      <symbol id="sm-c">
         <name>___bss__</name>
         <value>0x3000</value>
      </symbol>
      <symbol id="sm-d">
         <name>end</name>
         <value>0x4000</value>
      </symbol>
      <symbol id="sm-e">
         <name>___end__</name>
         <value>0x4000</value>
      </symbol>
      <symbol id="sm-f">
         <name>___TI_pprof_out_hndl</name>
         <value>0xffffffff</value>
      </symbol>
      <symbol id="sm-10">
         <name>___TI_prof_data_start</name>
         <value>0xffffffff</value>
      </symbol>
      <symbol id="sm-11">
         <name>___TI_prof_data_size</name>
         <value>0xffffffff</value>
      </symbol>
      <symbol id="sm-12">
         <name>$bss</name>
         <value>0x3000</value>
      </symbol>
      <symbol id="sm-40">
         <name>_c_int00</name>
         <value>0x80</value>
         <object_component_ref idref="oc-7"/>
      </symbol>
   </symbol_table>
</link_info>
