******************************************************************************
               TMS320C6x Linker PC v7.4.4                      
******************************************************************************
>> Linked Wed Mar 16 16:33:16 2022

OUTPUT FILE NAME:   <add1.out>
ENTRY POINT SYMBOL: "_c_int00"  address: 00003000


MEMORY CONFIGURATION

         name            origin    length      used     unused   attr    fill
----------------------  --------  ---------  --------  --------  ----  --------
PAGE 0:
  ROM0                  00003000   00000200  00000060  000001a0  RWIX
  ROM1                  00005000   00000020  00000008  00000018  RWIX

PAGE 1:
  RAM                   00002000   00001000  00000010  00000ff0  RWIX


SECTION ALLOCATION MAP

 output                                  attributes/
section   page    origin      length       input sections
--------  ----  ----------  ----------   ----------------
.text      0    00003000    00000060     
                  00003000    00000060     add1.obj (.text)

.data      0    00005000    00000008     
                  00005000    00000008     add1.obj (.data)

.bss       1    00002000    00000010     UNINITIALIZED
                  00002000    00000010     add1.obj (.bss)


GLOBAL SYMBOLS: SORTED ALPHABETICALLY BY Name 

address    name
--------   ----
00002000   $bss
00002000   .bss
00005000   .data
00003000   .text
ffffffff   ___TI_pprof_out_hndl
ffffffff   ___TI_prof_data_size
ffffffff   ___TI_prof_data_start
ffffffff   ___binit__
00002000   ___bss__
ffffffff   ___c_args__
ffffffff   ___cinit__
00005000   ___data__
00005008   ___edata__
00002010   ___end__
00003060   ___etext__
ffffffff   ___pinit__
00003000   ___text__
00003000   _c_int00
ffffffff   binit
ffffffff   cinit
00005008   edata
00002010   end
00003060   etext
ffffffff   pinit


GLOBAL SYMBOLS: SORTED BY Symbol Address 

address    name
--------   ----
00002000   $bss
00002000   .bss
00002000   ___bss__
00002010   ___end__
00002010   end
00003000   .text
00003000   ___text__
00003000   _c_int00
00003060   ___etext__
00003060   etext
00005000   .data
00005000   ___data__
00005008   ___edata__
00005008   edata
ffffffff   ___TI_pprof_out_hndl
ffffffff   ___TI_prof_data_size
ffffffff   ___TI_prof_data_start
ffffffff   ___binit__
ffffffff   ___c_args__
ffffffff   ___cinit__
ffffffff   ___pinit__
ffffffff   binit
ffffffff   cinit
ffffffff   pinit

[24 symbols]
